[2026-02-26T03:49:38.234+0000] {local_task_job_runner.py:123} INFO - ::group::Pre task execution logs
[2026-02-26T03:49:38.271+0000] {taskinstance.py:2631} INFO - Dependencies all met for dep_context=non-requeueable deps ti=<TaskInstance: weather_etl_daily.transform scheduled__2026-02-26T00:00:00+00:00 [queued]>
[2026-02-26T03:49:38.281+0000] {taskinstance.py:2631} INFO - Dependencies all met for dep_context=requeueable deps ti=<TaskInstance: weather_etl_daily.transform scheduled__2026-02-26T00:00:00+00:00 [queued]>
[2026-02-26T03:49:38.282+0000] {taskinstance.py:2884} INFO - Starting attempt 1 of 2
[2026-02-26T03:49:38.297+0000] {taskinstance.py:2907} INFO - Executing <Task(_PythonDecoratedOperator): transform> on 2026-02-26 00:00:00+00:00
[2026-02-26T03:49:38.302+0000] {standard_task_runner.py:72} INFO - Started process 257 to run task
[2026-02-26T03:49:38.314+0000] {standard_task_runner.py:104} INFO - Running: ['***', 'tasks', 'run', 'weather_etl_daily', 'transform', 'scheduled__2026-02-26T00:00:00+00:00', '--job-id', '4', '--raw', '--subdir', 'DAGS_FOLDER/weather_etl_dag.py', '--cfg-path', '/tmp/tmpewm4b0ow']
[2026-02-26T03:49:38.319+0000] {standard_task_runner.py:105} INFO - Job 4: Subtask transform
[2026-02-26T03:49:38.415+0000] {task_command.py:467} INFO - Running <TaskInstance: weather_etl_daily.transform scheduled__2026-02-26T00:00:00+00:00 [running]> on host a24d74ba268f
[2026-02-26T03:49:38.562+0000] {taskinstance.py:3157} INFO - Exporting env vars: AIRFLOW_CTX_DAG_OWNER='***' AIRFLOW_CTX_DAG_ID='weather_etl_daily' AIRFLOW_CTX_TASK_ID='transform' AIRFLOW_CTX_EXECUTION_DATE='2026-02-26T00:00:00+00:00' AIRFLOW_CTX_TRY_NUMBER='1' AIRFLOW_CTX_DAG_RUN_ID='scheduled__2026-02-26T00:00:00+00:00'
[2026-02-26T03:49:38.564+0000] {taskinstance.py:740} INFO - ::endgroup::
[2026-02-26T03:49:38.566+0000] {python.py:240} INFO - Done. Returned value was: {'city': 'Ho Chi Minh City', 'temp': 26.15, 'humidity': 90, 'description': 'broken clouds', 'dt': datetime.datetime(2026, 2, 26, 3, 45, 5)}
[2026-02-26T03:49:38.649+0000] {taskinstance.py:349} INFO - ::group::Post task execution logs
[2026-02-26T03:49:38.650+0000] {taskinstance.py:361} INFO - Marking task as SUCCESS. dag_id=weather_etl_daily, task_id=transform, run_id=scheduled__2026-02-26T00:00:00+00:00, execution_date=20260226T000000, start_date=20260226T034938, end_date=20260226T034938
[2026-02-26T03:49:38.740+0000] {local_task_job_runner.py:266} INFO - Task exited with return code 0
[2026-02-26T03:49:38.784+0000] {taskinstance.py:3924} INFO - 1 downstream tasks scheduled from follow-on schedule check
[2026-02-26T03:49:38.786+0000] {local_task_job_runner.py:245} INFO - ::endgroup::
[2026-02-26T03:59:29.582+0000] {local_task_job_runner.py:123} INFO - ::group::Pre task execution logs
[2026-02-26T03:59:29.621+0000] {taskinstance.py:2631} INFO - Dependencies all met for dep_context=non-requeueable deps ti=<TaskInstance: weather_etl_daily.transform scheduled__2026-02-26T00:00:00+00:00 [queued]>
[2026-02-26T03:59:29.633+0000] {taskinstance.py:2631} INFO - Dependencies all met for dep_context=requeueable deps ti=<TaskInstance: weather_etl_daily.transform scheduled__2026-02-26T00:00:00+00:00 [queued]>
[2026-02-26T03:59:29.633+0000] {taskinstance.py:2884} INFO - Starting attempt 1 of 2
[2026-02-26T03:59:29.651+0000] {taskinstance.py:2907} INFO - Executing <Task(_PythonDecoratedOperator): transform> on 2026-02-26 00:00:00+00:00
[2026-02-26T03:59:29.657+0000] {standard_task_runner.py:72} INFO - Started process 202 to run task
[2026-02-26T03:59:29.667+0000] {standard_task_runner.py:104} INFO - Running: ['***', 'tasks', 'run', 'weather_etl_daily', 'transform', 'scheduled__2026-02-26T00:00:00+00:00', '--job-id', '3', '--raw', '--subdir', 'DAGS_FOLDER/weather_etl_dag.py', '--cfg-path', '/tmp/tmpblm5ppzz']
[2026-02-26T03:59:29.671+0000] {standard_task_runner.py:105} INFO - Job 3: Subtask transform
[2026-02-26T03:59:29.759+0000] {task_command.py:467} INFO - Running <TaskInstance: weather_etl_daily.transform scheduled__2026-02-26T00:00:00+00:00 [running]> on host 6cbd969c4f77
[2026-02-26T03:59:29.894+0000] {taskinstance.py:3157} INFO - Exporting env vars: AIRFLOW_CTX_DAG_OWNER='***' AIRFLOW_CTX_DAG_ID='weather_etl_daily' AIRFLOW_CTX_TASK_ID='transform' AIRFLOW_CTX_EXECUTION_DATE='2026-02-26T00:00:00+00:00' AIRFLOW_CTX_TRY_NUMBER='1' AIRFLOW_CTX_DAG_RUN_ID='scheduled__2026-02-26T00:00:00+00:00'
[2026-02-26T03:59:29.895+0000] {taskinstance.py:740} INFO - ::endgroup::
[2026-02-26T03:59:29.898+0000] {python.py:240} INFO - Done. Returned value was: {'city': 'Ho Chi Minh City', 'temp': 26.15, 'humidity': 90, 'description': 'broken clouds', 'dt': datetime.datetime(2026, 2, 26, 3, 45, 5)}
[2026-02-26T03:59:30.008+0000] {taskinstance.py:349} INFO - ::group::Post task execution logs
[2026-02-26T03:59:30.009+0000] {taskinstance.py:361} INFO - Marking task as SUCCESS. dag_id=weather_etl_daily, task_id=transform, run_id=scheduled__2026-02-26T00:00:00+00:00, execution_date=20260226T000000, start_date=20260226T035929, end_date=20260226T035930
[2026-02-26T03:59:30.081+0000] {local_task_job_runner.py:266} INFO - Task exited with return code 0
[2026-02-26T03:59:30.144+0000] {taskinstance.py:3924} INFO - 1 downstream tasks scheduled from follow-on schedule check
[2026-02-26T03:59:30.146+0000] {local_task_job_runner.py:245} INFO - ::endgroup::
[2026-02-26T04:04:04.695+0000] {local_task_job_runner.py:123} INFO - ::group::Pre task execution logs
[2026-02-26T04:04:04.741+0000] {taskinstance.py:2631} INFO - Dependencies all met for dep_context=non-requeueable deps ti=<TaskInstance: weather_etl_daily.transform scheduled__2026-02-26T00:00:00+00:00 [queued]>
[2026-02-26T04:04:04.753+0000] {taskinstance.py:2631} INFO - Dependencies all met for dep_context=requeueable deps ti=<TaskInstance: weather_etl_daily.transform scheduled__2026-02-26T00:00:00+00:00 [queued]>
[2026-02-26T04:04:04.753+0000] {taskinstance.py:2884} INFO - Starting attempt 1 of 2
[2026-02-26T04:04:04.769+0000] {taskinstance.py:2907} INFO - Executing <Task(_PythonDecoratedOperator): transform> on 2026-02-26 00:00:00+00:00
[2026-02-26T04:04:04.775+0000] {standard_task_runner.py:72} INFO - Started process 253 to run task
[2026-02-26T04:04:04.786+0000] {standard_task_runner.py:104} INFO - Running: ['***', 'tasks', 'run', 'weather_etl_daily', 'transform', 'scheduled__2026-02-26T00:00:00+00:00', '--job-id', '3', '--raw', '--subdir', 'DAGS_FOLDER/weather_etl_dag.py', '--cfg-path', '/tmp/tmp4d_3j3zj']
[2026-02-26T04:04:04.791+0000] {standard_task_runner.py:105} INFO - Job 3: Subtask transform
[2026-02-26T04:04:04.907+0000] {task_command.py:467} INFO - Running <TaskInstance: weather_etl_daily.transform scheduled__2026-02-26T00:00:00+00:00 [running]> on host 5635bc90f952
[2026-02-26T04:04:05.052+0000] {taskinstance.py:3157} INFO - Exporting env vars: AIRFLOW_CTX_DAG_OWNER='***' AIRFLOW_CTX_DAG_ID='weather_etl_daily' AIRFLOW_CTX_TASK_ID='transform' AIRFLOW_CTX_EXECUTION_DATE='2026-02-26T00:00:00+00:00' AIRFLOW_CTX_TRY_NUMBER='1' AIRFLOW_CTX_DAG_RUN_ID='scheduled__2026-02-26T00:00:00+00:00'
[2026-02-26T04:04:05.053+0000] {taskinstance.py:740} INFO - ::endgroup::
[2026-02-26T04:04:05.055+0000] {python.py:240} INFO - Done. Returned value was: {'city': 'Ho Chi Minh City', 'temp': 26.15, 'humidity': 90, 'description': 'broken clouds', 'dt': datetime.datetime(2026, 2, 26, 4, 0, 43)}
[2026-02-26T04:04:05.130+0000] {taskinstance.py:349} INFO - ::group::Post task execution logs
[2026-02-26T04:04:05.132+0000] {taskinstance.py:361} INFO - Marking task as SUCCESS. dag_id=weather_etl_daily, task_id=transform, run_id=scheduled__2026-02-26T00:00:00+00:00, execution_date=20260226T000000, start_date=20260226T040404, end_date=20260226T040405
[2026-02-26T04:04:05.201+0000] {local_task_job_runner.py:266} INFO - Task exited with return code 0
[2026-02-26T04:04:05.247+0000] {taskinstance.py:3924} INFO - 1 downstream tasks scheduled from follow-on schedule check
[2026-02-26T04:04:05.249+0000] {local_task_job_runner.py:245} INFO - ::endgroup::
