[2026-02-26T03:57:00.777+0000] {local_task_job_runner.py:123} INFO - ::group::Pre task execution logs
[2026-02-26T03:57:00.806+0000] {taskinstance.py:2631} INFO - Dependencies all met for dep_context=non-requeueable deps ti=<TaskInstance: demo_schedule_dag.print_time scheduled__2026-02-26T03:54:00+00:00 [queued]>
[2026-02-26T03:57:00.814+0000] {taskinstance.py:2631} INFO - Dependencies all met for dep_context=requeueable deps ti=<TaskInstance: demo_schedule_dag.print_time scheduled__2026-02-26T03:54:00+00:00 [queued]>
[2026-02-26T03:57:00.814+0000] {taskinstance.py:2884} INFO - Starting attempt 1 of 1
[2026-02-26T03:57:00.847+0000] {taskinstance.py:2907} INFO - Executing <Task(BashOperator): print_time> on 2026-02-26 03:54:00+00:00
[2026-02-26T03:57:00.851+0000] {standard_task_runner.py:72} INFO - Started process 542 to run task
[2026-02-26T03:57:00.863+0000] {standard_task_runner.py:104} INFO - Running: ['***', 'tasks', 'run', 'demo_schedule_dag', 'print_time', 'scheduled__2026-02-26T03:54:00+00:00', '--job-id', '9', '--raw', '--subdir', 'DAGS_FOLDER/demo_schedule_dag.py', '--cfg-path', '/tmp/tmp7makz_7e']
[2026-02-26T03:57:00.869+0000] {standard_task_runner.py:105} INFO - Job 9: Subtask print_time
[2026-02-26T03:57:00.957+0000] {task_command.py:467} INFO - Running <TaskInstance: demo_schedule_dag.print_time scheduled__2026-02-26T03:54:00+00:00 [running]> on host a24d74ba268f
[2026-02-26T03:57:01.115+0000] {taskinstance.py:3157} INFO - Exporting env vars: AIRFLOW_CTX_DAG_OWNER='***' AIRFLOW_CTX_DAG_ID='demo_schedule_dag' AIRFLOW_CTX_TASK_ID='print_time' AIRFLOW_CTX_EXECUTION_DATE='2026-02-26T03:54:00+00:00' AIRFLOW_CTX_TRY_NUMBER='1' AIRFLOW_CTX_DAG_RUN_ID='scheduled__2026-02-26T03:54:00+00:00'
[2026-02-26T03:57:01.116+0000] {taskinstance.py:740} INFO - ::endgroup::
[2026-02-26T03:57:01.130+0000] {subprocess.py:78} INFO - Tmp dir root location: /tmp
[2026-02-26T03:57:01.131+0000] {subprocess.py:88} INFO - Running command: ['/usr/bin/bash', '-c', 'date']
[2026-02-26T03:57:01.144+0000] {subprocess.py:99} INFO - Output:
[2026-02-26T03:57:01.149+0000] {subprocess.py:106} INFO - Thu Feb 26 03:57:01 UTC 2026
[2026-02-26T03:57:01.150+0000] {subprocess.py:110} INFO - Command exited with return code 0
[2026-02-26T03:57:01.212+0000] {taskinstance.py:349} INFO - ::group::Post task execution logs
[2026-02-26T03:57:01.213+0000] {taskinstance.py:361} INFO - Marking task as SUCCESS. dag_id=demo_schedule_dag, task_id=print_time, run_id=scheduled__2026-02-26T03:54:00+00:00, execution_date=20260226T035400, start_date=20260226T035700, end_date=20260226T035701
[2026-02-26T03:57:01.276+0000] {local_task_job_runner.py:266} INFO - Task exited with return code 0
[2026-02-26T03:57:01.325+0000] {taskinstance.py:3924} INFO - 0 downstream tasks scheduled from follow-on schedule check
[2026-02-26T03:57:01.327+0000] {local_task_job_runner.py:245} INFO - ::endgroup::
