[2026-02-26T03:49:36.371+0000] {local_task_job_runner.py:123} INFO - ::group::Pre task execution logs
[2026-02-26T03:49:36.403+0000] {taskinstance.py:2631} INFO - Dependencies all met for dep_context=non-requeueable deps ti=<TaskInstance: weather_etl_daily.extract scheduled__2026-02-26T00:00:00+00:00 [queued]>
[2026-02-26T03:49:36.412+0000] {taskinstance.py:2631} INFO - Dependencies all met for dep_context=requeueable deps ti=<TaskInstance: weather_etl_daily.extract scheduled__2026-02-26T00:00:00+00:00 [queued]>
[2026-02-26T03:49:36.413+0000] {taskinstance.py:2884} INFO - Starting attempt 1 of 2
[2026-02-26T03:49:36.426+0000] {taskinstance.py:2907} INFO - Executing <Task(_PythonDecoratedOperator): extract> on 2026-02-26 00:00:00+00:00
[2026-02-26T03:49:36.431+0000] {standard_task_runner.py:72} INFO - Started process 233 to run task
[2026-02-26T03:49:36.445+0000] {standard_task_runner.py:104} INFO - Running: ['***', 'tasks', 'run', 'weather_etl_daily', 'extract', 'scheduled__2026-02-26T00:00:00+00:00', '--job-id', '3', '--raw', '--subdir', 'DAGS_FOLDER/weather_etl_dag.py', '--cfg-path', '/tmp/tmpo23hxeca']
[2026-02-26T03:49:36.448+0000] {standard_task_runner.py:105} INFO - Job 3: Subtask extract
[2026-02-26T03:49:36.553+0000] {task_command.py:467} INFO - Running <TaskInstance: weather_etl_daily.extract scheduled__2026-02-26T00:00:00+00:00 [running]> on host a24d74ba268f
[2026-02-26T03:49:36.682+0000] {taskinstance.py:3157} INFO - Exporting env vars: AIRFLOW_CTX_DAG_OWNER='***' AIRFLOW_CTX_DAG_ID='weather_etl_daily' AIRFLOW_CTX_TASK_ID='extract' AIRFLOW_CTX_EXECUTION_DATE='2026-02-26T00:00:00+00:00' AIRFLOW_CTX_TRY_NUMBER='1' AIRFLOW_CTX_DAG_RUN_ID='scheduled__2026-02-26T00:00:00+00:00'
[2026-02-26T03:49:36.683+0000] {taskinstance.py:740} INFO - ::endgroup::
[2026-02-26T03:49:36.862+0000] {python.py:240} INFO - Done. Returned value was: {'coord': {'lon': 106.6667, 'lat': 10.75}, 'weather': [{'id': 803, 'main': 'Clouds', 'description': 'broken clouds', 'icon': '04d'}], 'base': 'stations', 'main': {'temp': 26.15, 'feels_like': 26.15, 'temp_min': 26.01, 'temp_max': 26.15, 'pressure': 1010, 'humidity': 90, 'sea_level': 1010, 'grnd_level': 1010}, 'visibility': 10000, 'wind': {'speed': 0.51, 'deg': 0}, 'clouds': {'all': 75}, 'dt': 1772077505, 'sys': {'type': 2, 'id': 2093009, 'country': 'VN', 'sunrise': 1772060991, 'sunset': 1772103788}, 'timezone': 25200, 'id': 1566083, 'name': 'Ho Chi Minh City', 'cod': 200}
[2026-02-26T03:49:36.964+0000] {taskinstance.py:349} INFO - ::group::Post task execution logs
[2026-02-26T03:49:36.965+0000] {taskinstance.py:361} INFO - Marking task as SUCCESS. dag_id=weather_etl_daily, task_id=extract, run_id=scheduled__2026-02-26T00:00:00+00:00, execution_date=20260226T000000, start_date=20260226T034936, end_date=20260226T034936
[2026-02-26T03:49:37.039+0000] {local_task_job_runner.py:266} INFO - Task exited with return code 0
[2026-02-26T03:49:37.086+0000] {taskinstance.py:3924} INFO - 1 downstream tasks scheduled from follow-on schedule check
[2026-02-26T03:49:37.088+0000] {local_task_job_runner.py:245} INFO - ::endgroup::
[2026-02-26T03:59:27.912+0000] {local_task_job_runner.py:123} INFO - ::group::Pre task execution logs
[2026-02-26T03:59:27.962+0000] {taskinstance.py:2631} INFO - Dependencies all met for dep_context=non-requeueable deps ti=<TaskInstance: weather_etl_daily.extract scheduled__2026-02-26T00:00:00+00:00 [queued]>
[2026-02-26T03:59:27.971+0000] {taskinstance.py:2631} INFO - Dependencies all met for dep_context=requeueable deps ti=<TaskInstance: weather_etl_daily.extract scheduled__2026-02-26T00:00:00+00:00 [queued]>
[2026-02-26T03:59:27.971+0000] {taskinstance.py:2884} INFO - Starting attempt 1 of 2
[2026-02-26T03:59:27.987+0000] {taskinstance.py:2907} INFO - Executing <Task(_PythonDecoratedOperator): extract> on 2026-02-26 00:00:00+00:00
[2026-02-26T03:59:27.997+0000] {standard_task_runner.py:72} INFO - Started process 188 to run task
[2026-02-26T03:59:28.004+0000] {standard_task_runner.py:104} INFO - Running: ['***', 'tasks', 'run', 'weather_etl_daily', 'extract', 'scheduled__2026-02-26T00:00:00+00:00', '--job-id', '2', '--raw', '--subdir', 'DAGS_FOLDER/weather_etl_dag.py', '--cfg-path', '/tmp/tmpfahwiri1']
[2026-02-26T03:59:28.006+0000] {standard_task_runner.py:105} INFO - Job 2: Subtask extract
[2026-02-26T03:59:28.096+0000] {task_command.py:467} INFO - Running <TaskInstance: weather_etl_daily.extract scheduled__2026-02-26T00:00:00+00:00 [running]> on host 6cbd969c4f77
[2026-02-26T03:59:28.238+0000] {taskinstance.py:3157} INFO - Exporting env vars: AIRFLOW_CTX_DAG_OWNER='***' AIRFLOW_CTX_DAG_ID='weather_etl_daily' AIRFLOW_CTX_TASK_ID='extract' AIRFLOW_CTX_EXECUTION_DATE='2026-02-26T00:00:00+00:00' AIRFLOW_CTX_TRY_NUMBER='1' AIRFLOW_CTX_DAG_RUN_ID='scheduled__2026-02-26T00:00:00+00:00'
[2026-02-26T03:59:28.239+0000] {taskinstance.py:740} INFO - ::endgroup::
[2026-02-26T03:59:28.380+0000] {python.py:240} INFO - Done. Returned value was: {'coord': {'lon': 106.6667, 'lat': 10.75}, 'weather': [{'id': 803, 'main': 'Clouds', 'description': 'broken clouds', 'icon': '04d'}], 'base': 'stations', 'main': {'temp': 26.15, 'feels_like': 26.15, 'temp_min': 26.01, 'temp_max': 26.15, 'pressure': 1010, 'humidity': 90, 'sea_level': 1010, 'grnd_level': 1010}, 'visibility': 10000, 'wind': {'speed': 0.51, 'deg': 0}, 'clouds': {'all': 75}, 'dt': 1772077505, 'sys': {'type': 2, 'id': 2093009, 'country': 'VN', 'sunrise': 1772060991, 'sunset': 1772103788}, 'timezone': 25200, 'id': 1566083, 'name': 'Ho Chi Minh City', 'cod': 200}
[2026-02-26T03:59:28.501+0000] {taskinstance.py:349} INFO - ::group::Post task execution logs
[2026-02-26T03:59:28.501+0000] {taskinstance.py:361} INFO - Marking task as SUCCESS. dag_id=weather_etl_daily, task_id=extract, run_id=scheduled__2026-02-26T00:00:00+00:00, execution_date=20260226T000000, start_date=20260226T035927, end_date=20260226T035928
[2026-02-26T03:59:28.560+0000] {local_task_job_runner.py:266} INFO - Task exited with return code 0
[2026-02-26T03:59:28.615+0000] {taskinstance.py:3924} INFO - 1 downstream tasks scheduled from follow-on schedule check
[2026-02-26T03:59:28.617+0000] {local_task_job_runner.py:245} INFO - ::endgroup::
[2026-02-26T04:04:02.988+0000] {local_task_job_runner.py:123} INFO - ::group::Pre task execution logs
[2026-02-26T04:04:03.027+0000] {taskinstance.py:2631} INFO - Dependencies all met for dep_context=non-requeueable deps ti=<TaskInstance: weather_etl_daily.extract scheduled__2026-02-26T00:00:00+00:00 [queued]>
[2026-02-26T04:04:03.036+0000] {taskinstance.py:2631} INFO - Dependencies all met for dep_context=requeueable deps ti=<TaskInstance: weather_etl_daily.extract scheduled__2026-02-26T00:00:00+00:00 [queued]>
[2026-02-26T04:04:03.036+0000] {taskinstance.py:2884} INFO - Starting attempt 1 of 2
[2026-02-26T04:04:03.050+0000] {taskinstance.py:2907} INFO - Executing <Task(_PythonDecoratedOperator): extract> on 2026-02-26 00:00:00+00:00
[2026-02-26T04:04:03.056+0000] {standard_task_runner.py:72} INFO - Started process 242 to run task
[2026-02-26T04:04:03.066+0000] {standard_task_runner.py:104} INFO - Running: ['***', 'tasks', 'run', 'weather_etl_daily', 'extract', 'scheduled__2026-02-26T00:00:00+00:00', '--job-id', '2', '--raw', '--subdir', 'DAGS_FOLDER/weather_etl_dag.py', '--cfg-path', '/tmp/tmpkmopit_b']
[2026-02-26T04:04:03.070+0000] {standard_task_runner.py:105} INFO - Job 2: Subtask extract
[2026-02-26T04:04:03.173+0000] {task_command.py:467} INFO - Running <TaskInstance: weather_etl_daily.extract scheduled__2026-02-26T00:00:00+00:00 [running]> on host 5635bc90f952
[2026-02-26T04:04:03.311+0000] {taskinstance.py:3157} INFO - Exporting env vars: AIRFLOW_CTX_DAG_OWNER='***' AIRFLOW_CTX_DAG_ID='weather_etl_daily' AIRFLOW_CTX_TASK_ID='extract' AIRFLOW_CTX_EXECUTION_DATE='2026-02-26T00:00:00+00:00' AIRFLOW_CTX_TRY_NUMBER='1' AIRFLOW_CTX_DAG_RUN_ID='scheduled__2026-02-26T00:00:00+00:00'
[2026-02-26T04:04:03.312+0000] {taskinstance.py:740} INFO - ::endgroup::
[2026-02-26T04:04:03.513+0000] {python.py:240} INFO - Done. Returned value was: {'coord': {'lon': 106.6667, 'lat': 10.75}, 'weather': [{'id': 803, 'main': 'Clouds', 'description': 'broken clouds', 'icon': '04d'}], 'base': 'stations', 'main': {'temp': 26.15, 'feels_like': 26.15, 'temp_min': 26.01, 'temp_max': 26.15, 'pressure': 1010, 'humidity': 90, 'sea_level': 1010, 'grnd_level': 1010}, 'visibility': 10000, 'wind': {'speed': 0.51, 'deg': 0}, 'clouds': {'all': 75}, 'dt': 1772078443, 'sys': {'type': 2, 'id': 2093009, 'country': 'VN', 'sunrise': 1772060991, 'sunset': 1772103788}, 'timezone': 25200, 'id': 1566083, 'name': 'Ho Chi Minh City', 'cod': 200}
[2026-02-26T04:04:03.625+0000] {taskinstance.py:349} INFO - ::group::Post task execution logs
[2026-02-26T04:04:03.626+0000] {taskinstance.py:361} INFO - Marking task as SUCCESS. dag_id=weather_etl_daily, task_id=extract, run_id=scheduled__2026-02-26T00:00:00+00:00, execution_date=20260226T000000, start_date=20260226T040403, end_date=20260226T040403
[2026-02-26T04:04:03.688+0000] {local_task_job_runner.py:266} INFO - Task exited with return code 0
[2026-02-26T04:04:03.761+0000] {taskinstance.py:3924} INFO - 1 downstream tasks scheduled from follow-on schedule check
[2026-02-26T04:04:03.763+0000] {local_task_job_runner.py:245} INFO - ::endgroup::
