[2026-02-26T03:48:01.683+0000] {manager.py:483} INFO - Processing files using up to 2 processes at a time 
[2026-02-26T03:48:01.684+0000] {manager.py:484} INFO - Process each file at most once every 30 seconds
[2026-02-26T03:48:01.684+0000] {manager.py:485} INFO - Checking for new files in /opt/airflow/dags every 300 seconds
[2026-02-26T03:48:01.684+0000] {manager.py:821} INFO - Searching for files in /opt/airflow/dags
[2026-02-26T03:48:01.687+0000] {manager.py:824} INFO - There are 2 files in /opt/airflow/dags
[2026-02-26T03:48:01.844+0000] {manager.py:997} INFO - 
================================================================================
DAG File Processing Stats

File Path                                 PID  Runtime      # DAGs    # Errors  Last Runtime    Last Run      Last # of DB Queries
--------------------------------------  -----  ---------  --------  ----------  --------------  ----------  ----------------------
/opt/airflow/dags/weather_etl_dag.py      164  0.04s             0           0                                                   0
/opt/airflow/dags/demo_schedule_dag.py    161  0.10s             0           0                                                   0
================================================================================
[2026-02-26T03:48:32.079+0000] {manager.py:997} INFO - 
================================================================================
DAG File Processing Stats

File Path                               PID    Runtime      # DAGs    # Errors  Last Runtime    Last Run               Last # of DB Queries
--------------------------------------  -----  ---------  --------  ----------  --------------  -------------------  ----------------------
/opt/airflow/dags/weather_etl_dag.py                             1           0  2.11s           2026-02-26T03:48:03                      45
/opt/airflow/dags/demo_schedule_dag.py                           1           0  0.43s           2026-02-26T03:48:02                      45
================================================================================
[2026-02-26T03:49:02.495+0000] {manager.py:997} INFO - 
================================================================================
DAG File Processing Stats

File Path                               PID    Runtime      # DAGs    # Errors  Last Runtime    Last Run               Last # of DB Queries
--------------------------------------  -----  ---------  --------  ----------  --------------  -------------------  ----------------------
/opt/airflow/dags/weather_etl_dag.py                             1           0  0.59s           2026-02-26T03:48:34                      12
/opt/airflow/dags/demo_schedule_dag.py                           1           0  0.15s           2026-02-26T03:48:33                      12
================================================================================
[2026-02-26T03:49:32.913+0000] {manager.py:997} INFO - 
================================================================================
DAG File Processing Stats

File Path                               PID    Runtime      # DAGs    # Errors  Last Runtime    Last Run               Last # of DB Queries
--------------------------------------  -----  ---------  --------  ----------  --------------  -------------------  ----------------------
/opt/airflow/dags/weather_etl_dag.py                             1           0  0.63s           2026-02-26T03:49:06                      12
/opt/airflow/dags/demo_schedule_dag.py                           1           0  0.15s           2026-02-26T03:49:03                      12
================================================================================
[2026-02-26T03:50:03.342+0000] {manager.py:997} INFO - 
================================================================================
DAG File Processing Stats

File Path                               PID    Runtime      # DAGs    # Errors  Last Runtime    Last Run               Last # of DB Queries
--------------------------------------  -----  ---------  --------  ----------  --------------  -------------------  ----------------------
/opt/airflow/dags/weather_etl_dag.py                             1           0  0.56s           2026-02-26T03:49:37                      12
/opt/airflow/dags/demo_schedule_dag.py                           1           0  0.16s           2026-02-26T03:49:34                      12
================================================================================
[2026-02-26T03:50:33.380+0000] {manager.py:997} INFO - 
================================================================================
DAG File Processing Stats

File Path                               PID    Runtime      # DAGs    # Errors  Last Runtime    Last Run               Last # of DB Queries
--------------------------------------  -----  ---------  --------  ----------  --------------  -------------------  ----------------------
/opt/airflow/dags/weather_etl_dag.py                             1           0  0.62s           2026-02-26T03:50:08                      12
/opt/airflow/dags/demo_schedule_dag.py                           1           0  0.16s           2026-02-26T03:50:04                      12
================================================================================
[2026-02-26T03:51:03.544+0000] {manager.py:997} INFO - 
================================================================================
DAG File Processing Stats

File Path                               PID    Runtime      # DAGs    # Errors  Last Runtime    Last Run               Last # of DB Queries
--------------------------------------  -----  ---------  --------  ----------  --------------  -------------------  ----------------------
/opt/airflow/dags/weather_etl_dag.py                             1           0  0.54s           2026-02-26T03:50:39                      12
/opt/airflow/dags/demo_schedule_dag.py                           1           0  0.17s           2026-02-26T03:50:34                      12
================================================================================
[2026-02-26T03:51:33.611+0000] {manager.py:997} INFO - 
================================================================================
DAG File Processing Stats

File Path                               PID    Runtime      # DAGs    # Errors  Last Runtime    Last Run               Last # of DB Queries
--------------------------------------  -----  ---------  --------  ----------  --------------  -------------------  ----------------------
/opt/airflow/dags/weather_etl_dag.py                             1           0  0.56s           2026-02-26T03:51:09                      12
/opt/airflow/dags/demo_schedule_dag.py                           1           0  0.17s           2026-02-26T03:51:05                      12
================================================================================
[2026-02-26T03:52:04.018+0000] {manager.py:997} INFO - 
================================================================================
DAG File Processing Stats

File Path                               PID    Runtime      # DAGs    # Errors  Last Runtime    Last Run               Last # of DB Queries
--------------------------------------  -----  ---------  --------  ----------  --------------  -------------------  ----------------------
/opt/airflow/dags/weather_etl_dag.py                             1           0  0.60s           2026-02-26T03:51:41                      12
/opt/airflow/dags/demo_schedule_dag.py                           1           0  0.14s           2026-02-26T03:51:35                      12
================================================================================
[2026-02-26T03:52:34.385+0000] {manager.py:997} INFO - 
================================================================================
DAG File Processing Stats

File Path                               PID    Runtime      # DAGs    # Errors  Last Runtime    Last Run               Last # of DB Queries
--------------------------------------  -----  ---------  --------  ----------  --------------  -------------------  ----------------------
/opt/airflow/dags/weather_etl_dag.py                             1           0  0.61s           2026-02-26T03:52:12                      12
/opt/airflow/dags/demo_schedule_dag.py                           1           0  0.13s           2026-02-26T03:52:06                      12
================================================================================
[2026-02-26T03:53:01.773+0000] {manager.py:821} INFO - Searching for files in /opt/airflow/dags
[2026-02-26T03:53:01.777+0000] {manager.py:824} INFO - There are 2 files in /opt/airflow/dags
[2026-02-26T03:53:04.815+0000] {manager.py:997} INFO - 
================================================================================
DAG File Processing Stats

File Path                               PID    Runtime      # DAGs    # Errors  Last Runtime    Last Run               Last # of DB Queries
--------------------------------------  -----  ---------  --------  ----------  --------------  -------------------  ----------------------
/opt/airflow/dags/weather_etl_dag.py                             1           0  0.62s           2026-02-26T03:52:44                      12
/opt/airflow/dags/demo_schedule_dag.py                           1           0  0.17s           2026-02-26T03:52:36                      12
================================================================================
[2026-02-26T03:53:35.248+0000] {manager.py:997} INFO - 
================================================================================
DAG File Processing Stats

File Path                               PID    Runtime      # DAGs    # Errors  Last Runtime    Last Run               Last # of DB Queries
--------------------------------------  -----  ---------  --------  ----------  --------------  -------------------  ----------------------
/opt/airflow/dags/weather_etl_dag.py                             1           0  0.54s           2026-02-26T03:53:15                      12
/opt/airflow/dags/demo_schedule_dag.py                           1           0  0.15s           2026-02-26T03:53:06                      12
================================================================================
[2026-02-26T03:54:05.653+0000] {manager.py:997} INFO - 
================================================================================
DAG File Processing Stats

File Path                               PID    Runtime      # DAGs    # Errors  Last Runtime    Last Run               Last # of DB Queries
--------------------------------------  -----  ---------  --------  ----------  --------------  -------------------  ----------------------
/opt/airflow/dags/weather_etl_dag.py                             1           0  0.58s           2026-02-26T03:53:46                      12
/opt/airflow/dags/demo_schedule_dag.py                           1           0  0.14s           2026-02-26T03:53:37                      12
================================================================================
[2026-02-26T03:54:36.092+0000] {manager.py:997} INFO - 
================================================================================
DAG File Processing Stats

File Path                               PID    Runtime      # DAGs    # Errors  Last Runtime    Last Run               Last # of DB Queries
--------------------------------------  -----  ---------  --------  ----------  --------------  -------------------  ----------------------
/opt/airflow/dags/weather_etl_dag.py                             1           0  0.58s           2026-02-26T03:54:17                      12
/opt/airflow/dags/demo_schedule_dag.py                           1           0  0.17s           2026-02-26T03:54:07                      12
================================================================================
[2026-02-26T03:55:06.484+0000] {manager.py:997} INFO - 
================================================================================
DAG File Processing Stats

File Path                               PID    Runtime      # DAGs    # Errors  Last Runtime    Last Run               Last # of DB Queries
--------------------------------------  -----  ---------  --------  ----------  --------------  -------------------  ----------------------
/opt/airflow/dags/weather_etl_dag.py                             1           0  0.55s           2026-02-26T03:54:47                      12
/opt/airflow/dags/demo_schedule_dag.py                           1           0  0.15s           2026-02-26T03:54:38                      12
================================================================================
[2026-02-26T03:55:36.908+0000] {manager.py:997} INFO - 
================================================================================
DAG File Processing Stats

File Path                               PID    Runtime      # DAGs    # Errors  Last Runtime    Last Run               Last # of DB Queries
--------------------------------------  -----  ---------  --------  ----------  --------------  -------------------  ----------------------
/opt/airflow/dags/weather_etl_dag.py                             1           0  0.58s           2026-02-26T03:55:19                      12
/opt/airflow/dags/demo_schedule_dag.py                           1           0  0.17s           2026-02-26T03:55:08                      12
================================================================================
[2026-02-26T03:56:07.302+0000] {manager.py:997} INFO - 
================================================================================
DAG File Processing Stats

File Path                               PID    Runtime      # DAGs    # Errors  Last Runtime    Last Run               Last # of DB Queries
--------------------------------------  -----  ---------  --------  ----------  --------------  -------------------  ----------------------
/opt/airflow/dags/weather_etl_dag.py                             1           0  0.60s           2026-02-26T03:55:50                      12
/opt/airflow/dags/demo_schedule_dag.py                           1           0  0.17s           2026-02-26T03:55:39                      12
================================================================================
[2026-02-26T03:56:37.714+0000] {manager.py:997} INFO - 
================================================================================
DAG File Processing Stats

File Path                               PID    Runtime      # DAGs    # Errors  Last Runtime    Last Run               Last # of DB Queries
--------------------------------------  -----  ---------  --------  ----------  --------------  -------------------  ----------------------
/opt/airflow/dags/weather_etl_dag.py                             1           0  0.54s           2026-02-26T03:56:21                      12
/opt/airflow/dags/demo_schedule_dag.py                           1           0  0.17s           2026-02-26T03:56:09                      12
================================================================================
[2026-02-26T03:57:07.739+0000] {manager.py:997} INFO - 
================================================================================
DAG File Processing Stats

File Path                               PID    Runtime      # DAGs    # Errors  Last Runtime    Last Run               Last # of DB Queries
--------------------------------------  -----  ---------  --------  ----------  --------------  -------------------  ----------------------
/opt/airflow/dags/weather_etl_dag.py                             1           0  0.62s           2026-02-26T03:56:52                      12
/opt/airflow/dags/demo_schedule_dag.py                           1           0  0.15s           2026-02-26T03:56:39                      12
================================================================================
[2026-02-26T03:57:37.935+0000] {manager.py:997} INFO - 
================================================================================
DAG File Processing Stats

File Path                               PID    Runtime      # DAGs    # Errors  Last Runtime    Last Run               Last # of DB Queries
--------------------------------------  -----  ---------  --------  ----------  --------------  -------------------  ----------------------
/opt/airflow/dags/weather_etl_dag.py                             1           0  0.57s           2026-02-26T03:57:23                      12
/opt/airflow/dags/demo_schedule_dag.py                           1           0  0.16s           2026-02-26T03:57:10                      12
================================================================================
[2026-02-26T03:58:01.882+0000] {manager.py:821} INFO - Searching for files in /opt/airflow/dags
[2026-02-26T03:58:01.886+0000] {manager.py:824} INFO - There are 2 files in /opt/airflow/dags
[2026-02-26T03:58:07.948+0000] {manager.py:997} INFO - 
================================================================================
DAG File Processing Stats

File Path                               PID    Runtime      # DAGs    # Errors  Last Runtime    Last Run               Last # of DB Queries
--------------------------------------  -----  ---------  --------  ----------  --------------  -------------------  ----------------------
/opt/airflow/dags/weather_etl_dag.py                             1           0  0.61s           2026-02-26T03:57:55                      12
/opt/airflow/dags/demo_schedule_dag.py                           1           0  0.15s           2026-02-26T03:57:40                      12
================================================================================
[2026-02-26T03:58:08.905+0000] {manager.py:465} INFO - Exiting gracefully upon receiving signal 15
[2026-02-26T03:58:58.861+0000] {manager.py:483} INFO - Processing files using up to 2 processes at a time 
[2026-02-26T03:58:58.861+0000] {manager.py:484} INFO - Process each file at most once every 30 seconds
[2026-02-26T03:58:58.862+0000] {manager.py:485} INFO - Checking for new files in /opt/airflow/dags every 300 seconds
[2026-02-26T03:58:58.862+0000] {manager.py:821} INFO - Searching for files in /opt/airflow/dags
[2026-02-26T03:58:58.863+0000] {manager.py:824} INFO - There are 2 files in /opt/airflow/dags
[2026-02-26T03:58:58.970+0000] {manager.py:997} INFO - 
================================================================================
DAG File Processing Stats

File Path                                 PID  Runtime      # DAGs    # Errors  Last Runtime    Last Run      Last # of DB Queries
--------------------------------------  -----  ---------  --------  ----------  --------------  ----------  ----------------------
/opt/airflow/dags/weather_etl_dag.py      164  0.02s             0           0                                                   0
/opt/airflow/dags/demo_schedule_dag.py    161  0.06s             0           0                                                   0
================================================================================
[2026-02-26T03:59:29.102+0000] {manager.py:997} INFO - 
================================================================================
DAG File Processing Stats

File Path                               PID    Runtime      # DAGs    # Errors  Last Runtime    Last Run               Last # of DB Queries
--------------------------------------  -----  ---------  --------  ----------  --------------  -------------------  ----------------------
/opt/airflow/dags/weather_etl_dag.py                             1           0  1.93s           2026-02-26T03:59:00                      45
/opt/airflow/dags/demo_schedule_dag.py                           1           0  0.42s           2026-02-26T03:58:59                      45
================================================================================
[2026-02-26T03:59:59.399+0000] {manager.py:997} INFO - 
================================================================================
DAG File Processing Stats

File Path                               PID    Runtime      # DAGs    # Errors  Last Runtime    Last Run               Last # of DB Queries
--------------------------------------  -----  ---------  --------  ----------  --------------  -------------------  ----------------------
/opt/airflow/dags/weather_etl_dag.py                             1           0  0.58s           2026-02-26T03:59:32                      12
/opt/airflow/dags/demo_schedule_dag.py                           1           0  0.15s           2026-02-26T03:59:29                      12
================================================================================
[2026-02-26T04:00:29.941+0000] {manager.py:997} INFO - 
================================================================================
DAG File Processing Stats

File Path                               PID    Runtime      # DAGs    # Errors  Last Runtime    Last Run               Last # of DB Queries
--------------------------------------  -----  ---------  --------  ----------  --------------  -------------------  ----------------------
/opt/airflow/dags/weather_etl_dag.py                             1           0  0.56s           2026-02-26T04:00:02                      12
/opt/airflow/dags/demo_schedule_dag.py                           1           0  0.16s           2026-02-26T04:00:00                      12
================================================================================
[2026-02-26T04:01:00.206+0000] {manager.py:997} INFO - 
================================================================================
DAG File Processing Stats

File Path                               PID    Runtime      # DAGs    # Errors  Last Runtime    Last Run               Last # of DB Queries
--------------------------------------  -----  ---------  --------  ----------  --------------  -------------------  ----------------------
/opt/airflow/dags/weather_etl_dag.py                             1           0  0.55s           2026-02-26T04:00:33                      12
/opt/airflow/dags/demo_schedule_dag.py                           1           0  0.15s           2026-02-26T04:00:30                      12
================================================================================
[2026-02-26T04:01:24.075+0000] {manager.py:465} INFO - Exiting gracefully upon receiving signal 15
[2026-02-26T04:02:17.037+0000] {manager.py:483} INFO - Processing files using up to 2 processes at a time 
[2026-02-26T04:02:17.037+0000] {manager.py:484} INFO - Process each file at most once every 30 seconds
[2026-02-26T04:02:17.038+0000] {manager.py:485} INFO - Checking for new files in /opt/airflow/dags every 300 seconds
[2026-02-26T04:02:17.038+0000] {manager.py:821} INFO - Searching for files in /opt/airflow/dags
[2026-02-26T04:02:17.040+0000] {manager.py:824} INFO - There are 2 files in /opt/airflow/dags
[2026-02-26T04:02:17.171+0000] {manager.py:997} INFO - 
================================================================================
DAG File Processing Stats

File Path                                 PID  Runtime      # DAGs    # Errors  Last Runtime    Last Run      Last # of DB Queries
--------------------------------------  -----  ---------  --------  ----------  --------------  ----------  ----------------------
/opt/airflow/dags/weather_etl_dag.py      164  0.02s             0           0                                                   0
/opt/airflow/dags/demo_schedule_dag.py    161  0.07s             0           0                                                   0
================================================================================
[2026-02-26T04:02:47.417+0000] {manager.py:997} INFO - 
================================================================================
DAG File Processing Stats

File Path                               PID    Runtime      # DAGs    # Errors  Last Runtime    Last Run               Last # of DB Queries
--------------------------------------  -----  ---------  --------  ----------  --------------  -------------------  ----------------------
/opt/airflow/dags/weather_etl_dag.py                             1           0  2.05s           2026-02-26T04:02:19                      45
/opt/airflow/dags/demo_schedule_dag.py                           1           0  0.54s           2026-02-26T04:02:17                      45
================================================================================
[2026-02-26T04:03:17.793+0000] {manager.py:997} INFO - 
================================================================================
DAG File Processing Stats

File Path                               PID    Runtime      # DAGs    # Errors  Last Runtime    Last Run               Last # of DB Queries
--------------------------------------  -----  ---------  --------  ----------  --------------  -------------------  ----------------------
/opt/airflow/dags/weather_etl_dag.py                             1           0  0.55s           2026-02-26T04:02:49                      12
/opt/airflow/dags/demo_schedule_dag.py                           1           0  0.14s           2026-02-26T04:02:48                      12
================================================================================
[2026-02-26T04:03:48.216+0000] {manager.py:997} INFO - 
================================================================================
DAG File Processing Stats

File Path                               PID    Runtime      # DAGs    # Errors  Last Runtime    Last Run               Last # of DB Queries
--------------------------------------  -----  ---------  --------  ----------  --------------  -------------------  ----------------------
/opt/airflow/dags/weather_etl_dag.py                             1           0  0.52s           2026-02-26T04:03:21                      12
/opt/airflow/dags/demo_schedule_dag.py                           1           0  0.15s           2026-02-26T04:03:18                      12
================================================================================
[2026-02-26T04:04:18.632+0000] {manager.py:997} INFO - 
================================================================================
DAG File Processing Stats

File Path                               PID    Runtime      # DAGs    # Errors  Last Runtime    Last Run               Last # of DB Queries
--------------------------------------  -----  ---------  --------  ----------  --------------  -------------------  ----------------------
/opt/airflow/dags/weather_etl_dag.py                             1           0  0.60s           2026-02-26T04:03:52                      12
/opt/airflow/dags/demo_schedule_dag.py                           1           0  0.16s           2026-02-26T04:03:49                      12
================================================================================
[2026-02-26T04:04:49.036+0000] {manager.py:997} INFO - 
================================================================================
DAG File Processing Stats

File Path                               PID    Runtime      # DAGs    # Errors  Last Runtime    Last Run               Last # of DB Queries
--------------------------------------  -----  ---------  --------  ----------  --------------  -------------------  ----------------------
/opt/airflow/dags/weather_etl_dag.py                             1           0  0.58s           2026-02-26T04:04:23                      12
/opt/airflow/dags/demo_schedule_dag.py                           1           0  0.16s           2026-02-26T04:04:19                      12
================================================================================
[2026-02-26T04:05:19.461+0000] {manager.py:997} INFO - 
================================================================================
DAG File Processing Stats

File Path                               PID    Runtime      # DAGs    # Errors  Last Runtime    Last Run               Last # of DB Queries
--------------------------------------  -----  ---------  --------  ----------  --------------  -------------------  ----------------------
/opt/airflow/dags/weather_etl_dag.py                             1           0  0.63s           2026-02-26T04:04:54                      12
/opt/airflow/dags/demo_schedule_dag.py                           1           0  0.16s           2026-02-26T04:04:50                      12
================================================================================
[2026-02-26T04:05:49.885+0000] {manager.py:997} INFO - 
================================================================================
DAG File Processing Stats

File Path                               PID    Runtime      # DAGs    # Errors  Last Runtime    Last Run               Last # of DB Queries
--------------------------------------  -----  ---------  --------  ----------  --------------  -------------------  ----------------------
/opt/airflow/dags/weather_etl_dag.py                             1           0  0.59s           2026-02-26T04:05:26                      12
/opt/airflow/dags/demo_schedule_dag.py                           1           0  0.15s           2026-02-26T04:05:20                      12
================================================================================
[2026-02-26T04:06:20.295+0000] {manager.py:997} INFO - 
================================================================================
DAG File Processing Stats

File Path                               PID    Runtime      # DAGs    # Errors  Last Runtime    Last Run               Last # of DB Queries
--------------------------------------  -----  ---------  --------  ----------  --------------  -------------------  ----------------------
/opt/airflow/dags/weather_etl_dag.py                             1           0  0.62s           2026-02-26T04:05:57                      12
/opt/airflow/dags/demo_schedule_dag.py                           1           0  0.16s           2026-02-26T04:05:51                      12
================================================================================
[2026-02-26T04:06:50.722+0000] {manager.py:997} INFO - 
================================================================================
DAG File Processing Stats

File Path                               PID    Runtime      # DAGs    # Errors  Last Runtime    Last Run               Last # of DB Queries
--------------------------------------  -----  ---------  --------  ----------  --------------  -------------------  ----------------------
/opt/airflow/dags/weather_etl_dag.py                             1           0  0.55s           2026-02-26T04:06:28                      12
/opt/airflow/dags/demo_schedule_dag.py                           1           0  0.16s           2026-02-26T04:06:21                      12
================================================================================
[2026-02-26T04:07:17.117+0000] {manager.py:821} INFO - Searching for files in /opt/airflow/dags
[2026-02-26T04:07:17.118+0000] {manager.py:824} INFO - There are 2 files in /opt/airflow/dags
[2026-02-26T04:07:20.768+0000] {manager.py:997} INFO - 
================================================================================
DAG File Processing Stats

File Path                               PID    Runtime      # DAGs    # Errors  Last Runtime    Last Run               Last # of DB Queries
--------------------------------------  -----  ---------  --------  ----------  --------------  -------------------  ----------------------
/opt/airflow/dags/weather_etl_dag.py                             1           0  0.61s           2026-02-26T04:06:59                      12
/opt/airflow/dags/demo_schedule_dag.py                           1           0  0.16s           2026-02-26T04:06:51                      12
================================================================================
[2026-02-26T04:07:50.990+0000] {manager.py:997} INFO - 
================================================================================
DAG File Processing Stats

File Path                               PID    Runtime      # DAGs    # Errors  Last Runtime    Last Run               Last # of DB Queries
--------------------------------------  -----  ---------  --------  ----------  --------------  -------------------  ----------------------
/opt/airflow/dags/weather_etl_dag.py                             1           0  0.59s           2026-02-26T04:07:30                      12
/opt/airflow/dags/demo_schedule_dag.py                           1           0  0.14s           2026-02-26T04:07:22                      12
================================================================================
[2026-02-26T04:08:21.011+0000] {manager.py:997} INFO - 
================================================================================
DAG File Processing Stats

File Path                               PID    Runtime      # DAGs    # Errors  Last Runtime    Last Run               Last # of DB Queries
--------------------------------------  -----  ---------  --------  ----------  --------------  -------------------  ----------------------
/opt/airflow/dags/weather_etl_dag.py                             1           0  0.60s           2026-02-26T04:08:01                      12
/opt/airflow/dags/demo_schedule_dag.py                           1           0  0.17s           2026-02-26T04:07:52                      12
================================================================================
[2026-02-26T04:08:51.435+0000] {manager.py:997} INFO - 
================================================================================
DAG File Processing Stats

File Path                               PID    Runtime      # DAGs    # Errors  Last Runtime    Last Run               Last # of DB Queries
--------------------------------------  -----  ---------  --------  ----------  --------------  -------------------  ----------------------
/opt/airflow/dags/weather_etl_dag.py                             1           0  0.61s           2026-02-26T04:08:32                      12
/opt/airflow/dags/demo_schedule_dag.py                           1           0  0.17s           2026-02-26T04:08:23                      12
================================================================================
[2026-02-26T04:09:21.842+0000] {manager.py:997} INFO - 
================================================================================
DAG File Processing Stats

File Path                               PID    Runtime      # DAGs    # Errors  Last Runtime    Last Run               Last # of DB Queries
--------------------------------------  -----  ---------  --------  ----------  --------------  -------------------  ----------------------
/opt/airflow/dags/weather_etl_dag.py                             1           0  0.59s           2026-02-26T04:09:04                      12
/opt/airflow/dags/demo_schedule_dag.py                           1           0  0.16s           2026-02-26T04:08:53                      12
================================================================================
[2026-02-26T04:09:52.256+0000] {manager.py:997} INFO - 
================================================================================
DAG File Processing Stats

File Path                               PID    Runtime      # DAGs    # Errors  Last Runtime    Last Run               Last # of DB Queries
--------------------------------------  -----  ---------  --------  ----------  --------------  -------------------  ----------------------
/opt/airflow/dags/weather_etl_dag.py                             1           0  0.60s           2026-02-26T04:09:35                      12
/opt/airflow/dags/demo_schedule_dag.py                           1           0  0.17s           2026-02-26T04:09:24                      12
================================================================================
[2026-02-26T04:10:22.675+0000] {manager.py:997} INFO - 
================================================================================
DAG File Processing Stats

File Path                               PID    Runtime      # DAGs    # Errors  Last Runtime    Last Run               Last # of DB Queries
--------------------------------------  -----  ---------  --------  ----------  --------------  -------------------  ----------------------
/opt/airflow/dags/weather_etl_dag.py                             1           0  0.56s           2026-02-26T04:10:06                      12
/opt/airflow/dags/demo_schedule_dag.py                           1           0  0.16s           2026-02-26T04:09:54                      12
================================================================================
[2026-02-26T04:10:53.078+0000] {manager.py:997} INFO - 
================================================================================
DAG File Processing Stats

File Path                               PID    Runtime      # DAGs    # Errors  Last Runtime    Last Run               Last # of DB Queries
--------------------------------------  -----  ---------  --------  ----------  --------------  -------------------  ----------------------
/opt/airflow/dags/weather_etl_dag.py                             1           0  0.64s           2026-02-26T04:10:38                      12
/opt/airflow/dags/demo_schedule_dag.py                           1           0  0.16s           2026-02-26T04:10:24                      12
================================================================================
[2026-02-26T04:11:23.498+0000] {manager.py:997} INFO - 
================================================================================
DAG File Processing Stats

File Path                               PID    Runtime      # DAGs    # Errors  Last Runtime    Last Run               Last # of DB Queries
--------------------------------------  -----  ---------  --------  ----------  --------------  -------------------  ----------------------
/opt/airflow/dags/weather_etl_dag.py                             1           0  0.56s           2026-02-26T04:11:09                      12
/opt/airflow/dags/demo_schedule_dag.py                           1           0  0.16s           2026-02-26T04:10:55                      12
================================================================================
[2026-02-26T04:11:53.511+0000] {manager.py:997} INFO - 
================================================================================
DAG File Processing Stats

File Path                               PID    Runtime      # DAGs    # Errors  Last Runtime    Last Run               Last # of DB Queries
--------------------------------------  -----  ---------  --------  ----------  --------------  -------------------  ----------------------
/opt/airflow/dags/weather_etl_dag.py                             1           0  0.58s           2026-02-26T04:11:40                      12
/opt/airflow/dags/demo_schedule_dag.py                           1           0  0.17s           2026-02-26T04:11:25                      12
================================================================================
[2026-02-26T04:12:17.280+0000] {manager.py:821} INFO - Searching for files in /opt/airflow/dags
[2026-02-26T04:12:17.284+0000] {manager.py:824} INFO - There are 2 files in /opt/airflow/dags
[2026-02-26T04:12:23.740+0000] {manager.py:997} INFO - 
================================================================================
DAG File Processing Stats

File Path                               PID    Runtime      # DAGs    # Errors  Last Runtime    Last Run               Last # of DB Queries
--------------------------------------  -----  ---------  --------  ----------  --------------  -------------------  ----------------------
/opt/airflow/dags/weather_etl_dag.py                             1           0  0.54s           2026-02-26T04:12:11                      12
/opt/airflow/dags/demo_schedule_dag.py                           1           0  0.15s           2026-02-26T04:11:56                      12
================================================================================
[2026-02-26T04:12:53.744+0000] {manager.py:997} INFO - 
================================================================================
DAG File Processing Stats

File Path                               PID    Runtime      # DAGs    # Errors  Last Runtime    Last Run               Last # of DB Queries
--------------------------------------  -----  ---------  --------  ----------  --------------  -------------------  ----------------------
/opt/airflow/dags/weather_etl_dag.py                             1           0  0.53s           2026-02-26T04:12:42                      12
/opt/airflow/dags/demo_schedule_dag.py                           1           0  0.17s           2026-02-26T04:12:26                      12
================================================================================
[2026-02-26T04:13:24.183+0000] {manager.py:997} INFO - 
================================================================================
DAG File Processing Stats

File Path                               PID    Runtime      # DAGs    # Errors  Last Runtime    Last Run               Last # of DB Queries
--------------------------------------  -----  ---------  --------  ----------  --------------  -------------------  ----------------------
/opt/airflow/dags/weather_etl_dag.py                             1           0  0.60s           2026-02-26T04:13:13                      12
/opt/airflow/dags/demo_schedule_dag.py                           1           0  0.18s           2026-02-26T04:12:56                      12
================================================================================
[2026-02-26T04:13:54.593+0000] {manager.py:997} INFO - 
================================================================================
DAG File Processing Stats

File Path                               PID    Runtime      # DAGs    # Errors  Last Runtime    Last Run               Last # of DB Queries
--------------------------------------  -----  ---------  --------  ----------  --------------  -------------------  ----------------------
/opt/airflow/dags/weather_etl_dag.py                             1           0  0.55s           2026-02-26T04:13:44                      12
/opt/airflow/dags/demo_schedule_dag.py                           1           0  0.15s           2026-02-26T04:13:27                      12
================================================================================
[2026-02-26T04:14:24.998+0000] {manager.py:997} INFO - 
================================================================================
DAG File Processing Stats

File Path                               PID    Runtime      # DAGs    # Errors  Last Runtime    Last Run               Last # of DB Queries
--------------------------------------  -----  ---------  --------  ----------  --------------  -------------------  ----------------------
/opt/airflow/dags/weather_etl_dag.py                             1           0  0.58s           2026-02-26T04:14:16                      12
/opt/airflow/dags/demo_schedule_dag.py                           1           0  0.16s           2026-02-26T04:13:57                      12
================================================================================
[2026-02-26T04:14:55.056+0000] {manager.py:997} INFO - 
================================================================================
DAG File Processing Stats

File Path                               PID    Runtime      # DAGs    # Errors  Last Runtime    Last Run               Last # of DB Queries
--------------------------------------  -----  ---------  --------  ----------  --------------  -------------------  ----------------------
/opt/airflow/dags/weather_etl_dag.py                             1           0  0.60s           2026-02-26T04:14:46                      12
/opt/airflow/dags/demo_schedule_dag.py                           1           0  0.20s           2026-02-26T04:14:28                      12
================================================================================
[2026-02-26T04:15:25.323+0000] {manager.py:997} INFO - 
================================================================================
DAG File Processing Stats

File Path                               PID    Runtime      # DAGs    # Errors  Last Runtime    Last Run               Last # of DB Queries
--------------------------------------  -----  ---------  --------  ----------  --------------  -------------------  ----------------------
/opt/airflow/dags/weather_etl_dag.py                             1           0  0.61s           2026-02-26T04:15:18                      12
/opt/airflow/dags/demo_schedule_dag.py                           1           0  0.14s           2026-02-26T04:14:58                      12
================================================================================
[2026-02-26T04:15:55.661+0000] {manager.py:997} INFO - 
================================================================================
DAG File Processing Stats

File Path                               PID    Runtime      # DAGs    # Errors  Last Runtime    Last Run               Last # of DB Queries
--------------------------------------  -----  ---------  --------  ----------  --------------  -------------------  ----------------------
/opt/airflow/dags/weather_etl_dag.py                             1           0  0.55s           2026-02-26T04:15:49                      12
/opt/airflow/dags/demo_schedule_dag.py                           1           0  0.18s           2026-02-26T04:15:29                      12
================================================================================
[2026-02-26T04:16:25.705+0000] {manager.py:997} INFO - 
================================================================================
DAG File Processing Stats

File Path                               PID    Runtime      # DAGs    # Errors  Last Runtime    Last Run               Last # of DB Queries
--------------------------------------  -----  ---------  --------  ----------  --------------  -------------------  ----------------------
/opt/airflow/dags/weather_etl_dag.py                             1           0  0.54s           2026-02-26T04:16:20                      12
/opt/airflow/dags/demo_schedule_dag.py                           1           0  0.16s           2026-02-26T04:15:59                      12
================================================================================
[2026-02-26T04:16:56.143+0000] {manager.py:997} INFO - 
================================================================================
DAG File Processing Stats

File Path                               PID    Runtime      # DAGs    # Errors  Last Runtime    Last Run               Last # of DB Queries
--------------------------------------  -----  ---------  --------  ----------  --------------  -------------------  ----------------------
/opt/airflow/dags/weather_etl_dag.py                             1           0  0.56s           2026-02-26T04:16:51                      12
/opt/airflow/dags/demo_schedule_dag.py                           1           0  0.17s           2026-02-26T04:16:29                      12
================================================================================
[2026-02-26T04:17:17.330+0000] {manager.py:821} INFO - Searching for files in /opt/airflow/dags
[2026-02-26T04:17:17.334+0000] {manager.py:824} INFO - There are 2 files in /opt/airflow/dags
[2026-02-26T04:17:26.176+0000] {manager.py:997} INFO - 
================================================================================
DAG File Processing Stats

File Path                               PID    Runtime      # DAGs    # Errors  Last Runtime    Last Run               Last # of DB Queries
--------------------------------------  -----  ---------  --------  ----------  --------------  -------------------  ----------------------
/opt/airflow/dags/weather_etl_dag.py                             1           0  0.60s           2026-02-26T04:17:22                      12
/opt/airflow/dags/demo_schedule_dag.py                           1           0  0.18s           2026-02-26T04:17:00                      12
================================================================================
[2026-02-26T04:17:56.523+0000] {manager.py:997} INFO - 
================================================================================
DAG File Processing Stats

File Path                               PID    Runtime      # DAGs    # Errors  Last Runtime    Last Run               Last # of DB Queries
--------------------------------------  -----  ---------  --------  ----------  --------------  -------------------  ----------------------
/opt/airflow/dags/weather_etl_dag.py                             1           0  0.67s           2026-02-26T04:17:53                      12
/opt/airflow/dags/demo_schedule_dag.py                           1           0  0.15s           2026-02-26T04:17:30                      12
================================================================================
[2026-02-26T04:18:26.815+0000] {manager.py:997} INFO - 
================================================================================
DAG File Processing Stats

File Path                               PID    Runtime      # DAGs    # Errors  Last Runtime    Last Run               Last # of DB Queries
--------------------------------------  -----  ---------  --------  ----------  --------------  -------------------  ----------------------
/opt/airflow/dags/weather_etl_dag.py                             1           0  0.56s           2026-02-26T04:18:24                      12
/opt/airflow/dags/demo_schedule_dag.py                           1           0  0.15s           2026-02-26T04:18:01                      12
================================================================================
[2026-02-26T04:18:57.237+0000] {manager.py:997} INFO - 
================================================================================
DAG File Processing Stats

File Path                               PID    Runtime      # DAGs    # Errors  Last Runtime    Last Run               Last # of DB Queries
--------------------------------------  -----  ---------  --------  ----------  --------------  -------------------  ----------------------
/opt/airflow/dags/weather_etl_dag.py                             1           0  0.61s           2026-02-26T04:18:56                      12
/opt/airflow/dags/demo_schedule_dag.py                           1           0  0.14s           2026-02-26T04:18:31                      12
================================================================================
[2026-02-26T04:19:27.562+0000] {manager.py:997} INFO - 
================================================================================
DAG File Processing Stats

File Path                               PID    Runtime      # DAGs    # Errors  Last Runtime    Last Run               Last # of DB Queries
--------------------------------------  -----  ---------  --------  ----------  --------------  -------------------  ----------------------
/opt/airflow/dags/weather_etl_dag.py                             1           0  0.57s           2026-02-26T04:19:27                      12
/opt/airflow/dags/demo_schedule_dag.py                           1           0  0.16s           2026-02-26T04:19:01                      12
================================================================================
[2026-02-26T04:19:58.415+0000] {manager.py:997} INFO - 
================================================================================
DAG File Processing Stats

File Path                                 PID  Runtime      # DAGs    # Errors  Last Runtime    Last Run               Last # of DB Queries
--------------------------------------  -----  ---------  --------  ----------  --------------  -------------------  ----------------------
/opt/airflow/dags/weather_etl_dag.py      811  0.01s             1           0  0.57s           2026-02-26T04:19:27                      12
/opt/airflow/dags/demo_schedule_dag.py                           1           0  0.15s           2026-02-26T04:19:32                      12
================================================================================
[2026-02-26T04:20:28.796+0000] {manager.py:997} INFO - 
================================================================================
DAG File Processing Stats

File Path                               PID    Runtime      # DAGs    # Errors  Last Runtime    Last Run               Last # of DB Queries
--------------------------------------  -----  ---------  --------  ----------  --------------  -------------------  ----------------------
/opt/airflow/dags/weather_etl_dag.py                             1           0  0.60s           2026-02-26T04:19:59                      12
/opt/airflow/dags/demo_schedule_dag.py                           1           0  0.15s           2026-02-26T04:20:02                      12
================================================================================
[2026-02-26T04:20:59.208+0000] {manager.py:997} INFO - 
================================================================================
DAG File Processing Stats

File Path                               PID    Runtime      # DAGs    # Errors  Last Runtime    Last Run               Last # of DB Queries
--------------------------------------  -----  ---------  --------  ----------  --------------  -------------------  ----------------------
/opt/airflow/dags/weather_etl_dag.py                             1           0  0.58s           2026-02-26T04:20:30                      12
/opt/airflow/dags/demo_schedule_dag.py                           1           0  0.15s           2026-02-26T04:20:33                      12
================================================================================
[2026-02-26T04:21:29.597+0000] {manager.py:997} INFO - 
================================================================================
DAG File Processing Stats

File Path                               PID    Runtime      # DAGs    # Errors  Last Runtime    Last Run               Last # of DB Queries
--------------------------------------  -----  ---------  --------  ----------  --------------  -------------------  ----------------------
/opt/airflow/dags/weather_etl_dag.py                             1           0  0.64s           2026-02-26T04:21:01                      12
/opt/airflow/dags/demo_schedule_dag.py                           1           0  0.15s           2026-02-26T04:21:03                      12
================================================================================
[2026-02-26T04:22:00.013+0000] {manager.py:997} INFO - 
================================================================================
DAG File Processing Stats

File Path                               PID    Runtime      # DAGs    # Errors  Last Runtime    Last Run               Last # of DB Queries
--------------------------------------  -----  ---------  --------  ----------  --------------  -------------------  ----------------------
/opt/airflow/dags/weather_etl_dag.py                             1           0  0.53s           2026-02-26T04:21:33                      12
/opt/airflow/dags/demo_schedule_dag.py                           1           0  0.14s           2026-02-26T04:21:33                      12
================================================================================
[2026-02-26T04:22:17.357+0000] {manager.py:821} INFO - Searching for files in /opt/airflow/dags
[2026-02-26T04:22:17.361+0000] {manager.py:824} INFO - There are 2 files in /opt/airflow/dags
[2026-02-26T04:22:30.490+0000] {manager.py:997} INFO - 
================================================================================
DAG File Processing Stats

File Path                               PID    Runtime      # DAGs    # Errors  Last Runtime    Last Run               Last # of DB Queries
--------------------------------------  -----  ---------  --------  ----------  --------------  -------------------  ----------------------
/opt/airflow/dags/weather_etl_dag.py                             1           0  0.55s           2026-02-26T04:22:04                      12
/opt/airflow/dags/demo_schedule_dag.py                           1           0  0.19s           2026-02-26T04:22:04                      12
================================================================================
[2026-02-26T04:23:00.525+0000] {manager.py:997} INFO - 
================================================================================
DAG File Processing Stats

File Path                               PID    Runtime      # DAGs    # Errors  Last Runtime    Last Run               Last # of DB Queries
--------------------------------------  -----  ---------  --------  ----------  --------------  -------------------  ----------------------
/opt/airflow/dags/weather_etl_dag.py                             1           0  0.61s           2026-02-26T04:22:35                      12
/opt/airflow/dags/demo_schedule_dag.py                           1           0  0.15s           2026-02-26T04:22:34                      12
================================================================================
[2026-02-26T04:23:30.726+0000] {manager.py:997} INFO - 
================================================================================
DAG File Processing Stats

File Path                               PID    Runtime      # DAGs    # Errors  Last Runtime    Last Run               Last # of DB Queries
--------------------------------------  -----  ---------  --------  ----------  --------------  -------------------  ----------------------
/opt/airflow/dags/weather_etl_dag.py                             1           0  0.55s           2026-02-26T04:23:06                      12
/opt/airflow/dags/demo_schedule_dag.py                           1           0  0.15s           2026-02-26T04:23:05                      12
================================================================================
[2026-02-26T04:24:01.194+0000] {manager.py:997} INFO - 
================================================================================
DAG File Processing Stats

File Path                               PID    Runtime      # DAGs    # Errors  Last Runtime    Last Run               Last # of DB Queries
--------------------------------------  -----  ---------  --------  ----------  --------------  -------------------  ----------------------
/opt/airflow/dags/weather_etl_dag.py                             1           0  0.61s           2026-02-26T04:23:37                      12
/opt/airflow/dags/demo_schedule_dag.py                           1           0  0.15s           2026-02-26T04:23:35                      12
================================================================================
[2026-02-26T04:24:31.542+0000] {manager.py:997} INFO - 
================================================================================
DAG File Processing Stats

File Path                               PID    Runtime      # DAGs    # Errors  Last Runtime    Last Run               Last # of DB Queries
--------------------------------------  -----  ---------  --------  ----------  --------------  -------------------  ----------------------
/opt/airflow/dags/weather_etl_dag.py                             1           0  0.57s           2026-02-26T04:24:09                      12
/opt/airflow/dags/demo_schedule_dag.py                           1           0  0.17s           2026-02-26T04:24:05                      12
================================================================================
[2026-02-26T04:25:01.609+0000] {manager.py:997} INFO - 
================================================================================
DAG File Processing Stats

File Path                               PID    Runtime      # DAGs    # Errors  Last Runtime    Last Run               Last # of DB Queries
--------------------------------------  -----  ---------  --------  ----------  --------------  -------------------  ----------------------
/opt/airflow/dags/weather_etl_dag.py                             1           0  0.62s           2026-02-26T04:24:40                      12
/opt/airflow/dags/demo_schedule_dag.py                           1           0  0.17s           2026-02-26T04:24:36                      12
================================================================================
[2026-02-26T04:25:32.025+0000] {manager.py:997} INFO - 
================================================================================
DAG File Processing Stats

File Path                               PID    Runtime      # DAGs    # Errors  Last Runtime    Last Run               Last # of DB Queries
--------------------------------------  -----  ---------  --------  ----------  --------------  -------------------  ----------------------
/opt/airflow/dags/weather_etl_dag.py                             1           0  0.58s           2026-02-26T04:25:11                      12
/opt/airflow/dags/demo_schedule_dag.py                           1           0  0.17s           2026-02-26T04:25:06                      12
================================================================================
[2026-02-26T04:26:02.437+0000] {manager.py:997} INFO - 
================================================================================
DAG File Processing Stats

File Path                               PID    Runtime      # DAGs    # Errors  Last Runtime    Last Run               Last # of DB Queries
--------------------------------------  -----  ---------  --------  ----------  --------------  -------------------  ----------------------
/opt/airflow/dags/weather_etl_dag.py                             1           0  0.53s           2026-02-26T04:25:42                      12
/opt/airflow/dags/demo_schedule_dag.py                           1           0  0.16s           2026-02-26T04:25:37                      12
================================================================================
[2026-02-26T04:26:32.450+0000] {manager.py:997} INFO - 
================================================================================
DAG File Processing Stats

File Path                               PID    Runtime      # DAGs    # Errors  Last Runtime    Last Run               Last # of DB Queries
--------------------------------------  -----  ---------  --------  ----------  --------------  -------------------  ----------------------
/opt/airflow/dags/weather_etl_dag.py                             1           0  0.61s           2026-02-26T04:26:13                      12
/opt/airflow/dags/demo_schedule_dag.py                           1           0  0.13s           2026-02-26T04:26:07                      12
================================================================================
[2026-02-26T04:27:02.675+0000] {manager.py:997} INFO - 
================================================================================
DAG File Processing Stats

File Path                               PID    Runtime      # DAGs    # Errors  Last Runtime    Last Run               Last # of DB Queries
--------------------------------------  -----  ---------  --------  ----------  --------------  -------------------  ----------------------
/opt/airflow/dags/weather_etl_dag.py                             1           0  0.58s           2026-02-26T04:26:44                      12
/opt/airflow/dags/demo_schedule_dag.py                           1           0  0.14s           2026-02-26T04:26:38                      12
================================================================================
[2026-02-26T04:27:17.497+0000] {manager.py:821} INFO - Searching for files in /opt/airflow/dags
[2026-02-26T04:27:17.501+0000] {manager.py:824} INFO - There are 2 files in /opt/airflow/dags
[2026-02-26T04:27:33.070+0000] {manager.py:997} INFO - 
================================================================================
DAG File Processing Stats

File Path                               PID    Runtime      # DAGs    # Errors  Last Runtime    Last Run               Last # of DB Queries
--------------------------------------  -----  ---------  --------  ----------  --------------  -------------------  ----------------------
/opt/airflow/dags/weather_etl_dag.py                             1           0  0.57s           2026-02-26T04:27:15                      12
/opt/airflow/dags/demo_schedule_dag.py                           1           0  0.14s           2026-02-26T04:27:08                      12
================================================================================
[2026-02-26T04:28:03.491+0000] {manager.py:997} INFO - 
================================================================================
DAG File Processing Stats

File Path                               PID    Runtime      # DAGs    # Errors  Last Runtime    Last Run               Last # of DB Queries
--------------------------------------  -----  ---------  --------  ----------  --------------  -------------------  ----------------------
/opt/airflow/dags/weather_etl_dag.py                             1           0  0.59s           2026-02-26T04:27:47                      12
/opt/airflow/dags/demo_schedule_dag.py                           1           0  0.15s           2026-02-26T04:27:38                      12
================================================================================
[2026-02-26T04:28:33.899+0000] {manager.py:997} INFO - 
================================================================================
DAG File Processing Stats

File Path                               PID    Runtime      # DAGs    # Errors  Last Runtime    Last Run               Last # of DB Queries
--------------------------------------  -----  ---------  --------  ----------  --------------  -------------------  ----------------------
/opt/airflow/dags/weather_etl_dag.py                             1           0  0.60s           2026-02-26T04:28:18                      12
/opt/airflow/dags/demo_schedule_dag.py                           1           0  0.15s           2026-02-26T04:28:09                      12
================================================================================
[2026-02-26T04:29:04.251+0000] {manager.py:997} INFO - 
================================================================================
DAG File Processing Stats

File Path                               PID    Runtime      # DAGs    # Errors  Last Runtime    Last Run               Last # of DB Queries
--------------------------------------  -----  ---------  --------  ----------  --------------  -------------------  ----------------------
/opt/airflow/dags/weather_etl_dag.py                             1           0  0.53s           2026-02-26T04:28:50                      12
/opt/airflow/dags/demo_schedule_dag.py                           1           0  0.16s           2026-02-26T04:28:39                      12
================================================================================
[2026-02-26T04:29:34.293+0000] {manager.py:997} INFO - 
================================================================================
DAG File Processing Stats

File Path                               PID    Runtime      # DAGs    # Errors  Last Runtime    Last Run               Last # of DB Queries
--------------------------------------  -----  ---------  --------  ----------  --------------  -------------------  ----------------------
/opt/airflow/dags/weather_etl_dag.py                             1           0  0.53s           2026-02-26T04:29:20                      12
/opt/airflow/dags/demo_schedule_dag.py                           1           0  0.15s           2026-02-26T04:29:10                      12
================================================================================
[2026-02-26T04:30:04.695+0000] {manager.py:997} INFO - 
================================================================================
DAG File Processing Stats

File Path                               PID    Runtime      # DAGs    # Errors  Last Runtime    Last Run               Last # of DB Queries
--------------------------------------  -----  ---------  --------  ----------  --------------  -------------------  ----------------------
/opt/airflow/dags/weather_etl_dag.py                             1           0  0.59s           2026-02-26T04:29:52                      12
/opt/airflow/dags/demo_schedule_dag.py                           1           0  0.14s           2026-02-26T04:29:40                      12
================================================================================
[2026-02-26T04:30:35.105+0000] {manager.py:997} INFO - 
================================================================================
DAG File Processing Stats

File Path                               PID    Runtime      # DAGs    # Errors  Last Runtime    Last Run               Last # of DB Queries
--------------------------------------  -----  ---------  --------  ----------  --------------  -------------------  ----------------------
/opt/airflow/dags/weather_etl_dag.py                             1           0  0.62s           2026-02-26T04:30:23                      12
/opt/airflow/dags/demo_schedule_dag.py                           1           0  0.15s           2026-02-26T04:30:10                      12
================================================================================
[2026-02-26T04:31:05.540+0000] {manager.py:997} INFO - 
================================================================================
DAG File Processing Stats

File Path                               PID    Runtime      # DAGs    # Errors  Last Runtime    Last Run               Last # of DB Queries
--------------------------------------  -----  ---------  --------  ----------  --------------  -------------------  ----------------------
/opt/airflow/dags/weather_etl_dag.py                             1           0  0.57s           2026-02-26T04:30:54                      12
/opt/airflow/dags/demo_schedule_dag.py                           1           0  0.17s           2026-02-26T04:30:41                      12
================================================================================
[2026-02-26T04:31:35.941+0000] {manager.py:997} INFO - 
================================================================================
DAG File Processing Stats

File Path                               PID    Runtime      # DAGs    # Errors  Last Runtime    Last Run               Last # of DB Queries
--------------------------------------  -----  ---------  --------  ----------  --------------  -------------------  ----------------------
/opt/airflow/dags/weather_etl_dag.py                             1           0  0.59s           2026-02-26T04:31:26                      12
/opt/airflow/dags/demo_schedule_dag.py                           1           0  0.15s           2026-02-26T04:31:11                      12
================================================================================
