[2026-02-26T03:48:01.769+0000] {processor.py:186} INFO - Started process (PID=161) to work on /opt/airflow/dags/demo_schedule_dag.py
[2026-02-26T03:48:01.771+0000] {processor.py:914} INFO - Processing file /opt/airflow/dags/demo_schedule_dag.py for tasks to queue
[2026-02-26T03:48:01.772+0000] {logging_mixin.py:190} INFO - [2026-02-26T03:48:01.772+0000] {dagbag.py:588} INFO - Filling up the DagBag from /opt/airflow/dags/demo_schedule_dag.py
[2026-02-26T03:48:01.789+0000] {processor.py:925} INFO - DAG(s) 'demo_schedule_dag' retrieved from /opt/airflow/dags/demo_schedule_dag.py
[2026-02-26T03:48:02.054+0000] {logging_mixin.py:190} INFO - [2026-02-26T03:48:02.053+0000] {override.py:1932} INFO - Created Permission View: can edit on DAG:demo_schedule_dag
[2026-02-26T03:48:02.074+0000] {logging_mixin.py:190} INFO - [2026-02-26T03:48:02.073+0000] {override.py:1932} INFO - Created Permission View: can delete on DAG:demo_schedule_dag
[2026-02-26T03:48:02.085+0000] {logging_mixin.py:190} INFO - [2026-02-26T03:48:02.084+0000] {override.py:1932} INFO - Created Permission View: can read on DAG:demo_schedule_dag
[2026-02-26T03:48:02.092+0000] {logging_mixin.py:190} INFO - [2026-02-26T03:48:02.092+0000] {override.py:1932} INFO - Created Permission View: can create on DAG Run:demo_schedule_dag
[2026-02-26T03:48:02.099+0000] {logging_mixin.py:190} INFO - [2026-02-26T03:48:02.098+0000] {override.py:1932} INFO - Created Permission View: menu access on DAG Run:demo_schedule_dag
[2026-02-26T03:48:02.104+0000] {logging_mixin.py:190} INFO - [2026-02-26T03:48:02.104+0000] {override.py:1932} INFO - Created Permission View: can delete on DAG Run:demo_schedule_dag
[2026-02-26T03:48:02.111+0000] {logging_mixin.py:190} INFO - [2026-02-26T03:48:02.110+0000] {override.py:1932} INFO - Created Permission View: can read on DAG Run:demo_schedule_dag
[2026-02-26T03:48:02.111+0000] {logging_mixin.py:190} INFO - [2026-02-26T03:48:02.111+0000] {dag.py:3239} INFO - Sync 1 DAGs
[2026-02-26T03:48:02.127+0000] {logging_mixin.py:190} INFO - [2026-02-26T03:48:02.126+0000] {dag.py:3262} INFO - Creating ORM DAG for demo_schedule_dag
[2026-02-26T03:48:02.140+0000] {logging_mixin.py:190} INFO - [2026-02-26T03:48:02.140+0000] {dag.py:4180} INFO - Setting next_dagrun for demo_schedule_dag to 2026-02-26 03:45:00+00:00, run_after=2026-02-26 03:48:00+00:00
[2026-02-26T03:48:02.159+0000] {processor.py:208} INFO - Processing /opt/airflow/dags/demo_schedule_dag.py took 0.400 seconds
[2026-02-26T03:48:33.115+0000] {processor.py:186} INFO - Started process (PID=179) to work on /opt/airflow/dags/demo_schedule_dag.py
[2026-02-26T03:48:33.116+0000] {processor.py:914} INFO - Processing file /opt/airflow/dags/demo_schedule_dag.py for tasks to queue
[2026-02-26T03:48:33.118+0000] {logging_mixin.py:190} INFO - [2026-02-26T03:48:33.117+0000] {dagbag.py:588} INFO - Filling up the DagBag from /opt/airflow/dags/demo_schedule_dag.py
[2026-02-26T03:48:33.132+0000] {processor.py:925} INFO - DAG(s) 'demo_schedule_dag' retrieved from /opt/airflow/dags/demo_schedule_dag.py
[2026-02-26T03:48:33.174+0000] {logging_mixin.py:190} INFO - [2026-02-26T03:48:33.174+0000] {dag.py:3239} INFO - Sync 1 DAGs
[2026-02-26T03:48:33.212+0000] {logging_mixin.py:190} INFO - [2026-02-26T03:48:33.211+0000] {dag.py:4180} INFO - Setting next_dagrun for demo_schedule_dag to 2026-02-26 03:45:00+00:00, run_after=2026-02-26 03:48:00+00:00
[2026-02-26T03:48:33.234+0000] {processor.py:208} INFO - Processing /opt/airflow/dags/demo_schedule_dag.py took 0.129 seconds
[2026-02-26T03:49:03.537+0000] {processor.py:186} INFO - Started process (PID=197) to work on /opt/airflow/dags/demo_schedule_dag.py
[2026-02-26T03:49:03.539+0000] {processor.py:914} INFO - Processing file /opt/airflow/dags/demo_schedule_dag.py for tasks to queue
[2026-02-26T03:49:03.540+0000] {logging_mixin.py:190} INFO - [2026-02-26T03:49:03.540+0000] {dagbag.py:588} INFO - Filling up the DagBag from /opt/airflow/dags/demo_schedule_dag.py
[2026-02-26T03:49:03.553+0000] {processor.py:925} INFO - DAG(s) 'demo_schedule_dag' retrieved from /opt/airflow/dags/demo_schedule_dag.py
[2026-02-26T03:49:03.599+0000] {logging_mixin.py:190} INFO - [2026-02-26T03:49:03.599+0000] {dag.py:3239} INFO - Sync 1 DAGs
[2026-02-26T03:49:03.632+0000] {logging_mixin.py:190} INFO - [2026-02-26T03:49:03.632+0000] {dag.py:4180} INFO - Setting next_dagrun for demo_schedule_dag to 2026-02-26 03:45:00+00:00, run_after=2026-02-26 03:48:00+00:00
[2026-02-26T03:49:03.649+0000] {processor.py:208} INFO - Processing /opt/airflow/dags/demo_schedule_dag.py took 0.122 seconds
[2026-02-26T03:49:33.958+0000] {processor.py:186} INFO - Started process (PID=219) to work on /opt/airflow/dags/demo_schedule_dag.py
[2026-02-26T03:49:33.959+0000] {processor.py:914} INFO - Processing file /opt/airflow/dags/demo_schedule_dag.py for tasks to queue
[2026-02-26T03:49:33.961+0000] {logging_mixin.py:190} INFO - [2026-02-26T03:49:33.960+0000] {dagbag.py:588} INFO - Filling up the DagBag from /opt/airflow/dags/demo_schedule_dag.py
[2026-02-26T03:49:33.974+0000] {processor.py:925} INFO - DAG(s) 'demo_schedule_dag' retrieved from /opt/airflow/dags/demo_schedule_dag.py
[2026-02-26T03:49:34.019+0000] {logging_mixin.py:190} INFO - [2026-02-26T03:49:34.019+0000] {dag.py:3239} INFO - Sync 1 DAGs
[2026-02-26T03:49:34.055+0000] {logging_mixin.py:190} INFO - [2026-02-26T03:49:34.054+0000] {dag.py:4180} INFO - Setting next_dagrun for demo_schedule_dag to 2026-02-26 03:48:00+00:00, run_after=2026-02-26 03:51:00+00:00
[2026-02-26T03:49:34.075+0000] {processor.py:208} INFO - Processing /opt/airflow/dags/demo_schedule_dag.py took 0.128 seconds
[2026-02-26T03:50:04.386+0000] {processor.py:186} INFO - Started process (PID=270) to work on /opt/airflow/dags/demo_schedule_dag.py
[2026-02-26T03:50:04.388+0000] {processor.py:914} INFO - Processing file /opt/airflow/dags/demo_schedule_dag.py for tasks to queue
[2026-02-26T03:50:04.389+0000] {logging_mixin.py:190} INFO - [2026-02-26T03:50:04.389+0000] {dagbag.py:588} INFO - Filling up the DagBag from /opt/airflow/dags/demo_schedule_dag.py
[2026-02-26T03:50:04.403+0000] {processor.py:925} INFO - DAG(s) 'demo_schedule_dag' retrieved from /opt/airflow/dags/demo_schedule_dag.py
[2026-02-26T03:50:04.449+0000] {logging_mixin.py:190} INFO - [2026-02-26T03:50:04.448+0000] {dag.py:3239} INFO - Sync 1 DAGs
[2026-02-26T03:50:04.482+0000] {logging_mixin.py:190} INFO - [2026-02-26T03:50:04.482+0000] {dag.py:4180} INFO - Setting next_dagrun for demo_schedule_dag to 2026-02-26 03:48:00+00:00, run_after=2026-02-26 03:51:00+00:00
[2026-02-26T03:50:04.503+0000] {processor.py:208} INFO - Processing /opt/airflow/dags/demo_schedule_dag.py took 0.127 seconds
[2026-02-26T03:50:34.797+0000] {processor.py:186} INFO - Started process (PID=288) to work on /opt/airflow/dags/demo_schedule_dag.py
[2026-02-26T03:50:34.798+0000] {processor.py:914} INFO - Processing file /opt/airflow/dags/demo_schedule_dag.py for tasks to queue
[2026-02-26T03:50:34.800+0000] {logging_mixin.py:190} INFO - [2026-02-26T03:50:34.799+0000] {dagbag.py:588} INFO - Filling up the DagBag from /opt/airflow/dags/demo_schedule_dag.py
[2026-02-26T03:50:34.812+0000] {processor.py:925} INFO - DAG(s) 'demo_schedule_dag' retrieved from /opt/airflow/dags/demo_schedule_dag.py
[2026-02-26T03:50:34.857+0000] {logging_mixin.py:190} INFO - [2026-02-26T03:50:34.857+0000] {dag.py:3239} INFO - Sync 1 DAGs
[2026-02-26T03:50:34.901+0000] {logging_mixin.py:190} INFO - [2026-02-26T03:50:34.900+0000] {dag.py:4180} INFO - Setting next_dagrun for demo_schedule_dag to 2026-02-26 03:48:00+00:00, run_after=2026-02-26 03:51:00+00:00
[2026-02-26T03:50:34.922+0000] {processor.py:208} INFO - Processing /opt/airflow/dags/demo_schedule_dag.py took 0.136 seconds
[2026-02-26T03:51:05.224+0000] {processor.py:186} INFO - Started process (PID=310) to work on /opt/airflow/dags/demo_schedule_dag.py
[2026-02-26T03:51:05.225+0000] {processor.py:914} INFO - Processing file /opt/airflow/dags/demo_schedule_dag.py for tasks to queue
[2026-02-26T03:51:05.227+0000] {logging_mixin.py:190} INFO - [2026-02-26T03:51:05.226+0000] {dagbag.py:588} INFO - Filling up the DagBag from /opt/airflow/dags/demo_schedule_dag.py
[2026-02-26T03:51:05.239+0000] {processor.py:925} INFO - DAG(s) 'demo_schedule_dag' retrieved from /opt/airflow/dags/demo_schedule_dag.py
[2026-02-26T03:51:05.293+0000] {logging_mixin.py:190} INFO - [2026-02-26T03:51:05.293+0000] {dag.py:3239} INFO - Sync 1 DAGs
[2026-02-26T03:51:05.327+0000] {logging_mixin.py:190} INFO - [2026-02-26T03:51:05.327+0000] {dag.py:4180} INFO - Setting next_dagrun for demo_schedule_dag to 2026-02-26 03:51:00+00:00, run_after=2026-02-26 03:54:00+00:00
[2026-02-26T03:51:05.348+0000] {processor.py:208} INFO - Processing /opt/airflow/dags/demo_schedule_dag.py took 0.137 seconds
[2026-02-26T03:51:35.659+0000] {processor.py:186} INFO - Started process (PID=328) to work on /opt/airflow/dags/demo_schedule_dag.py
[2026-02-26T03:51:35.663+0000] {processor.py:914} INFO - Processing file /opt/airflow/dags/demo_schedule_dag.py for tasks to queue
[2026-02-26T03:51:35.664+0000] {logging_mixin.py:190} INFO - [2026-02-26T03:51:35.664+0000] {dagbag.py:588} INFO - Filling up the DagBag from /opt/airflow/dags/demo_schedule_dag.py
[2026-02-26T03:51:35.675+0000] {processor.py:925} INFO - DAG(s) 'demo_schedule_dag' retrieved from /opt/airflow/dags/demo_schedule_dag.py
[2026-02-26T03:51:35.715+0000] {logging_mixin.py:190} INFO - [2026-02-26T03:51:35.715+0000] {dag.py:3239} INFO - Sync 1 DAGs
[2026-02-26T03:51:35.747+0000] {logging_mixin.py:190} INFO - [2026-02-26T03:51:35.747+0000] {dag.py:4180} INFO - Setting next_dagrun for demo_schedule_dag to 2026-02-26 03:51:00+00:00, run_after=2026-02-26 03:54:00+00:00
[2026-02-26T03:51:35.767+0000] {processor.py:208} INFO - Processing /opt/airflow/dags/demo_schedule_dag.py took 0.118 seconds
[2026-02-26T03:52:06.058+0000] {processor.py:186} INFO - Started process (PID=346) to work on /opt/airflow/dags/demo_schedule_dag.py
[2026-02-26T03:52:06.059+0000] {processor.py:914} INFO - Processing file /opt/airflow/dags/demo_schedule_dag.py for tasks to queue
[2026-02-26T03:52:06.060+0000] {logging_mixin.py:190} INFO - [2026-02-26T03:52:06.060+0000] {dagbag.py:588} INFO - Filling up the DagBag from /opt/airflow/dags/demo_schedule_dag.py
[2026-02-26T03:52:06.071+0000] {processor.py:925} INFO - DAG(s) 'demo_schedule_dag' retrieved from /opt/airflow/dags/demo_schedule_dag.py
[2026-02-26T03:52:06.109+0000] {logging_mixin.py:190} INFO - [2026-02-26T03:52:06.109+0000] {dag.py:3239} INFO - Sync 1 DAGs
[2026-02-26T03:52:06.138+0000] {logging_mixin.py:190} INFO - [2026-02-26T03:52:06.138+0000] {dag.py:4180} INFO - Setting next_dagrun for demo_schedule_dag to 2026-02-26 03:51:00+00:00, run_after=2026-02-26 03:54:00+00:00
[2026-02-26T03:52:06.154+0000] {processor.py:208} INFO - Processing /opt/airflow/dags/demo_schedule_dag.py took 0.106 seconds
[2026-02-26T03:52:36.433+0000] {processor.py:186} INFO - Started process (PID=364) to work on /opt/airflow/dags/demo_schedule_dag.py
[2026-02-26T03:52:36.435+0000] {processor.py:914} INFO - Processing file /opt/airflow/dags/demo_schedule_dag.py for tasks to queue
[2026-02-26T03:52:36.436+0000] {logging_mixin.py:190} INFO - [2026-02-26T03:52:36.436+0000] {dagbag.py:588} INFO - Filling up the DagBag from /opt/airflow/dags/demo_schedule_dag.py
[2026-02-26T03:52:36.447+0000] {processor.py:925} INFO - DAG(s) 'demo_schedule_dag' retrieved from /opt/airflow/dags/demo_schedule_dag.py
[2026-02-26T03:52:36.500+0000] {logging_mixin.py:190} INFO - [2026-02-26T03:52:36.500+0000] {dag.py:3239} INFO - Sync 1 DAGs
[2026-02-26T03:52:36.532+0000] {logging_mixin.py:190} INFO - [2026-02-26T03:52:36.531+0000] {dag.py:4180} INFO - Setting next_dagrun for demo_schedule_dag to 2026-02-26 03:51:00+00:00, run_after=2026-02-26 03:54:00+00:00
[2026-02-26T03:52:36.564+0000] {processor.py:208} INFO - Processing /opt/airflow/dags/demo_schedule_dag.py took 0.140 seconds
[2026-02-26T03:53:06.869+0000] {processor.py:186} INFO - Started process (PID=382) to work on /opt/airflow/dags/demo_schedule_dag.py
[2026-02-26T03:53:06.870+0000] {processor.py:914} INFO - Processing file /opt/airflow/dags/demo_schedule_dag.py for tasks to queue
[2026-02-26T03:53:06.871+0000] {logging_mixin.py:190} INFO - [2026-02-26T03:53:06.871+0000] {dagbag.py:588} INFO - Filling up the DagBag from /opt/airflow/dags/demo_schedule_dag.py
[2026-02-26T03:53:06.882+0000] {processor.py:925} INFO - DAG(s) 'demo_schedule_dag' retrieved from /opt/airflow/dags/demo_schedule_dag.py
[2026-02-26T03:53:06.924+0000] {logging_mixin.py:190} INFO - [2026-02-26T03:53:06.923+0000] {dag.py:3239} INFO - Sync 1 DAGs
[2026-02-26T03:53:06.956+0000] {logging_mixin.py:190} INFO - [2026-02-26T03:53:06.956+0000] {dag.py:4180} INFO - Setting next_dagrun for demo_schedule_dag to 2026-02-26 03:51:00+00:00, run_after=2026-02-26 03:54:00+00:00
[2026-02-26T03:53:06.976+0000] {processor.py:208} INFO - Processing /opt/airflow/dags/demo_schedule_dag.py took 0.117 seconds
[2026-02-26T03:53:37.295+0000] {processor.py:186} INFO - Started process (PID=400) to work on /opt/airflow/dags/demo_schedule_dag.py
[2026-02-26T03:53:37.297+0000] {processor.py:914} INFO - Processing file /opt/airflow/dags/demo_schedule_dag.py for tasks to queue
[2026-02-26T03:53:37.299+0000] {logging_mixin.py:190} INFO - [2026-02-26T03:53:37.298+0000] {dagbag.py:588} INFO - Filling up the DagBag from /opt/airflow/dags/demo_schedule_dag.py
[2026-02-26T03:53:37.309+0000] {processor.py:925} INFO - DAG(s) 'demo_schedule_dag' retrieved from /opt/airflow/dags/demo_schedule_dag.py
[2026-02-26T03:53:37.349+0000] {logging_mixin.py:190} INFO - [2026-02-26T03:53:37.349+0000] {dag.py:3239} INFO - Sync 1 DAGs
[2026-02-26T03:53:37.381+0000] {logging_mixin.py:190} INFO - [2026-02-26T03:53:37.381+0000] {dag.py:4180} INFO - Setting next_dagrun for demo_schedule_dag to 2026-02-26 03:51:00+00:00, run_after=2026-02-26 03:54:00+00:00
[2026-02-26T03:53:37.402+0000] {processor.py:208} INFO - Processing /opt/airflow/dags/demo_schedule_dag.py took 0.117 seconds
[2026-02-26T03:54:07.697+0000] {processor.py:186} INFO - Started process (PID=422) to work on /opt/airflow/dags/demo_schedule_dag.py
[2026-02-26T03:54:07.699+0000] {processor.py:914} INFO - Processing file /opt/airflow/dags/demo_schedule_dag.py for tasks to queue
[2026-02-26T03:54:07.700+0000] {logging_mixin.py:190} INFO - [2026-02-26T03:54:07.700+0000] {dagbag.py:588} INFO - Filling up the DagBag from /opt/airflow/dags/demo_schedule_dag.py
[2026-02-26T03:54:07.712+0000] {processor.py:925} INFO - DAG(s) 'demo_schedule_dag' retrieved from /opt/airflow/dags/demo_schedule_dag.py
[2026-02-26T03:54:07.768+0000] {logging_mixin.py:190} INFO - [2026-02-26T03:54:07.768+0000] {dag.py:3239} INFO - Sync 1 DAGs
[2026-02-26T03:54:07.802+0000] {logging_mixin.py:190} INFO - [2026-02-26T03:54:07.802+0000] {dag.py:4180} INFO - Setting next_dagrun for demo_schedule_dag to 2026-02-26 03:54:00+00:00, run_after=2026-02-26 03:57:00+00:00
[2026-02-26T03:54:07.831+0000] {processor.py:208} INFO - Processing /opt/airflow/dags/demo_schedule_dag.py took 0.143 seconds
[2026-02-26T03:54:38.141+0000] {processor.py:186} INFO - Started process (PID=440) to work on /opt/airflow/dags/demo_schedule_dag.py
[2026-02-26T03:54:38.143+0000] {processor.py:914} INFO - Processing file /opt/airflow/dags/demo_schedule_dag.py for tasks to queue
[2026-02-26T03:54:38.144+0000] {logging_mixin.py:190} INFO - [2026-02-26T03:54:38.144+0000] {dagbag.py:588} INFO - Filling up the DagBag from /opt/airflow/dags/demo_schedule_dag.py
[2026-02-26T03:54:38.155+0000] {processor.py:925} INFO - DAG(s) 'demo_schedule_dag' retrieved from /opt/airflow/dags/demo_schedule_dag.py
[2026-02-26T03:54:38.202+0000] {logging_mixin.py:190} INFO - [2026-02-26T03:54:38.202+0000] {dag.py:3239} INFO - Sync 1 DAGs
[2026-02-26T03:54:38.239+0000] {logging_mixin.py:190} INFO - [2026-02-26T03:54:38.238+0000] {dag.py:4180} INFO - Setting next_dagrun for demo_schedule_dag to 2026-02-26 03:54:00+00:00, run_after=2026-02-26 03:57:00+00:00
[2026-02-26T03:54:38.258+0000] {processor.py:208} INFO - Processing /opt/airflow/dags/demo_schedule_dag.py took 0.126 seconds
[2026-02-26T03:55:08.535+0000] {processor.py:186} INFO - Started process (PID=469) to work on /opt/airflow/dags/demo_schedule_dag.py
[2026-02-26T03:55:08.536+0000] {processor.py:914} INFO - Processing file /opt/airflow/dags/demo_schedule_dag.py for tasks to queue
[2026-02-26T03:55:08.541+0000] {logging_mixin.py:190} INFO - [2026-02-26T03:55:08.540+0000] {dagbag.py:588} INFO - Filling up the DagBag from /opt/airflow/dags/demo_schedule_dag.py
[2026-02-26T03:55:08.560+0000] {processor.py:925} INFO - DAG(s) 'demo_schedule_dag' retrieved from /opt/airflow/dags/demo_schedule_dag.py
[2026-02-26T03:55:08.605+0000] {logging_mixin.py:190} INFO - [2026-02-26T03:55:08.605+0000] {dag.py:3239} INFO - Sync 1 DAGs
[2026-02-26T03:55:08.638+0000] {logging_mixin.py:190} INFO - [2026-02-26T03:55:08.638+0000] {dag.py:4180} INFO - Setting next_dagrun for demo_schedule_dag to 2026-02-26 03:54:00+00:00, run_after=2026-02-26 03:57:00+00:00
[2026-02-26T03:55:08.658+0000] {processor.py:208} INFO - Processing /opt/airflow/dags/demo_schedule_dag.py took 0.133 seconds
[2026-02-26T03:55:38.950+0000] {processor.py:186} INFO - Started process (PID=487) to work on /opt/airflow/dags/demo_schedule_dag.py
[2026-02-26T03:55:38.952+0000] {processor.py:914} INFO - Processing file /opt/airflow/dags/demo_schedule_dag.py for tasks to queue
[2026-02-26T03:55:38.953+0000] {logging_mixin.py:190} INFO - [2026-02-26T03:55:38.953+0000] {dagbag.py:588} INFO - Filling up the DagBag from /opt/airflow/dags/demo_schedule_dag.py
[2026-02-26T03:55:38.966+0000] {processor.py:925} INFO - DAG(s) 'demo_schedule_dag' retrieved from /opt/airflow/dags/demo_schedule_dag.py
[2026-02-26T03:55:39.011+0000] {logging_mixin.py:190} INFO - [2026-02-26T03:55:39.011+0000] {dag.py:3239} INFO - Sync 1 DAGs
[2026-02-26T03:55:39.047+0000] {logging_mixin.py:190} INFO - [2026-02-26T03:55:39.047+0000] {dag.py:4180} INFO - Setting next_dagrun for demo_schedule_dag to 2026-02-26 03:54:00+00:00, run_after=2026-02-26 03:57:00+00:00
[2026-02-26T03:55:39.068+0000] {processor.py:208} INFO - Processing /opt/airflow/dags/demo_schedule_dag.py took 0.130 seconds
[2026-02-26T03:56:09.352+0000] {processor.py:186} INFO - Started process (PID=505) to work on /opt/airflow/dags/demo_schedule_dag.py
[2026-02-26T03:56:09.354+0000] {processor.py:914} INFO - Processing file /opt/airflow/dags/demo_schedule_dag.py for tasks to queue
[2026-02-26T03:56:09.356+0000] {logging_mixin.py:190} INFO - [2026-02-26T03:56:09.355+0000] {dagbag.py:588} INFO - Filling up the DagBag from /opt/airflow/dags/demo_schedule_dag.py
[2026-02-26T03:56:09.369+0000] {processor.py:925} INFO - DAG(s) 'demo_schedule_dag' retrieved from /opt/airflow/dags/demo_schedule_dag.py
[2026-02-26T03:56:09.414+0000] {logging_mixin.py:190} INFO - [2026-02-26T03:56:09.414+0000] {dag.py:3239} INFO - Sync 1 DAGs
[2026-02-26T03:56:09.450+0000] {logging_mixin.py:190} INFO - [2026-02-26T03:56:09.449+0000] {dag.py:4180} INFO - Setting next_dagrun for demo_schedule_dag to 2026-02-26 03:54:00+00:00, run_after=2026-02-26 03:57:00+00:00
[2026-02-26T03:56:09.478+0000] {processor.py:208} INFO - Processing /opt/airflow/dags/demo_schedule_dag.py took 0.138 seconds
[2026-02-26T03:56:39.765+0000] {processor.py:186} INFO - Started process (PID=523) to work on /opt/airflow/dags/demo_schedule_dag.py
[2026-02-26T03:56:39.766+0000] {processor.py:914} INFO - Processing file /opt/airflow/dags/demo_schedule_dag.py for tasks to queue
[2026-02-26T03:56:39.768+0000] {logging_mixin.py:190} INFO - [2026-02-26T03:56:39.767+0000] {dagbag.py:588} INFO - Filling up the DagBag from /opt/airflow/dags/demo_schedule_dag.py
[2026-02-26T03:56:39.781+0000] {processor.py:925} INFO - DAG(s) 'demo_schedule_dag' retrieved from /opt/airflow/dags/demo_schedule_dag.py
[2026-02-26T03:56:39.825+0000] {logging_mixin.py:190} INFO - [2026-02-26T03:56:39.824+0000] {dag.py:3239} INFO - Sync 1 DAGs
[2026-02-26T03:56:39.859+0000] {logging_mixin.py:190} INFO - [2026-02-26T03:56:39.858+0000] {dag.py:4180} INFO - Setting next_dagrun for demo_schedule_dag to 2026-02-26 03:54:00+00:00, run_after=2026-02-26 03:57:00+00:00
[2026-02-26T03:56:39.879+0000] {processor.py:208} INFO - Processing /opt/airflow/dags/demo_schedule_dag.py took 0.124 seconds
[2026-02-26T03:57:10.175+0000] {processor.py:186} INFO - Started process (PID=545) to work on /opt/airflow/dags/demo_schedule_dag.py
[2026-02-26T03:57:10.177+0000] {processor.py:914} INFO - Processing file /opt/airflow/dags/demo_schedule_dag.py for tasks to queue
[2026-02-26T03:57:10.179+0000] {logging_mixin.py:190} INFO - [2026-02-26T03:57:10.179+0000] {dagbag.py:588} INFO - Filling up the DagBag from /opt/airflow/dags/demo_schedule_dag.py
[2026-02-26T03:57:10.191+0000] {processor.py:925} INFO - DAG(s) 'demo_schedule_dag' retrieved from /opt/airflow/dags/demo_schedule_dag.py
[2026-02-26T03:57:10.235+0000] {logging_mixin.py:190} INFO - [2026-02-26T03:57:10.235+0000] {dag.py:3239} INFO - Sync 1 DAGs
[2026-02-26T03:57:10.272+0000] {logging_mixin.py:190} INFO - [2026-02-26T03:57:10.272+0000] {dag.py:4180} INFO - Setting next_dagrun for demo_schedule_dag to 2026-02-26 03:57:00+00:00, run_after=2026-02-26 04:00:00+00:00
[2026-02-26T03:57:10.291+0000] {processor.py:208} INFO - Processing /opt/airflow/dags/demo_schedule_dag.py took 0.130 seconds
[2026-02-26T03:57:40.592+0000] {processor.py:186} INFO - Started process (PID=563) to work on /opt/airflow/dags/demo_schedule_dag.py
[2026-02-26T03:57:40.593+0000] {processor.py:914} INFO - Processing file /opt/airflow/dags/demo_schedule_dag.py for tasks to queue
[2026-02-26T03:57:40.595+0000] {logging_mixin.py:190} INFO - [2026-02-26T03:57:40.594+0000] {dagbag.py:588} INFO - Filling up the DagBag from /opt/airflow/dags/demo_schedule_dag.py
[2026-02-26T03:57:40.608+0000] {processor.py:925} INFO - DAG(s) 'demo_schedule_dag' retrieved from /opt/airflow/dags/demo_schedule_dag.py
[2026-02-26T03:57:40.652+0000] {logging_mixin.py:190} INFO - [2026-02-26T03:57:40.652+0000] {dag.py:3239} INFO - Sync 1 DAGs
[2026-02-26T03:57:40.685+0000] {logging_mixin.py:190} INFO - [2026-02-26T03:57:40.685+0000] {dag.py:4180} INFO - Setting next_dagrun for demo_schedule_dag to 2026-02-26 03:57:00+00:00, run_after=2026-02-26 04:00:00+00:00
[2026-02-26T03:57:40.705+0000] {processor.py:208} INFO - Processing /opt/airflow/dags/demo_schedule_dag.py took 0.122 seconds
[2026-02-26T03:58:58.919+0000] {processor.py:186} INFO - Started process (PID=161) to work on /opt/airflow/dags/demo_schedule_dag.py
[2026-02-26T03:58:58.920+0000] {processor.py:914} INFO - Processing file /opt/airflow/dags/demo_schedule_dag.py for tasks to queue
[2026-02-26T03:58:58.922+0000] {logging_mixin.py:190} INFO - [2026-02-26T03:58:58.921+0000] {dagbag.py:588} INFO - Filling up the DagBag from /opt/airflow/dags/demo_schedule_dag.py
[2026-02-26T03:58:58.941+0000] {processor.py:925} INFO - DAG(s) 'demo_schedule_dag' retrieved from /opt/airflow/dags/demo_schedule_dag.py
[2026-02-26T03:58:59.224+0000] {logging_mixin.py:190} INFO - [2026-02-26T03:58:59.223+0000] {override.py:1932} INFO - Created Permission View: can delete on DAG:demo_schedule_dag
[2026-02-26T03:58:59.233+0000] {logging_mixin.py:190} INFO - [2026-02-26T03:58:59.233+0000] {override.py:1932} INFO - Created Permission View: can edit on DAG:demo_schedule_dag
[2026-02-26T03:58:59.239+0000] {logging_mixin.py:190} INFO - [2026-02-26T03:58:59.238+0000] {override.py:1932} INFO - Created Permission View: can read on DAG:demo_schedule_dag
[2026-02-26T03:58:59.244+0000] {logging_mixin.py:190} INFO - [2026-02-26T03:58:59.244+0000] {override.py:1932} INFO - Created Permission View: can create on DAG Run:demo_schedule_dag
[2026-02-26T03:58:59.250+0000] {logging_mixin.py:190} INFO - [2026-02-26T03:58:59.249+0000] {override.py:1932} INFO - Created Permission View: can delete on DAG Run:demo_schedule_dag
[2026-02-26T03:58:59.255+0000] {logging_mixin.py:190} INFO - [2026-02-26T03:58:59.255+0000] {override.py:1932} INFO - Created Permission View: menu access on DAG Run:demo_schedule_dag
[2026-02-26T03:58:59.261+0000] {logging_mixin.py:190} INFO - [2026-02-26T03:58:59.260+0000] {override.py:1932} INFO - Created Permission View: can read on DAG Run:demo_schedule_dag
[2026-02-26T03:58:59.261+0000] {logging_mixin.py:190} INFO - [2026-02-26T03:58:59.261+0000] {dag.py:3239} INFO - Sync 1 DAGs
[2026-02-26T03:58:59.278+0000] {logging_mixin.py:190} INFO - [2026-02-26T03:58:59.277+0000] {dag.py:3262} INFO - Creating ORM DAG for demo_schedule_dag
[2026-02-26T03:58:59.295+0000] {logging_mixin.py:190} INFO - [2026-02-26T03:58:59.295+0000] {dag.py:4180} INFO - Setting next_dagrun for demo_schedule_dag to 2026-02-26 03:54:00+00:00, run_after=2026-02-26 03:57:00+00:00
[2026-02-26T03:58:59.315+0000] {processor.py:208} INFO - Processing /opt/airflow/dags/demo_schedule_dag.py took 0.402 seconds
[2026-02-26T03:59:29.596+0000] {processor.py:186} INFO - Started process (PID=199) to work on /opt/airflow/dags/demo_schedule_dag.py
[2026-02-26T03:59:29.597+0000] {processor.py:914} INFO - Processing file /opt/airflow/dags/demo_schedule_dag.py for tasks to queue
[2026-02-26T03:59:29.598+0000] {logging_mixin.py:190} INFO - [2026-02-26T03:59:29.598+0000] {dagbag.py:588} INFO - Filling up the DagBag from /opt/airflow/dags/demo_schedule_dag.py
[2026-02-26T03:59:29.610+0000] {processor.py:925} INFO - DAG(s) 'demo_schedule_dag' retrieved from /opt/airflow/dags/demo_schedule_dag.py
[2026-02-26T03:59:29.651+0000] {logging_mixin.py:190} INFO - [2026-02-26T03:59:29.651+0000] {dag.py:3239} INFO - Sync 1 DAGs
[2026-02-26T03:59:29.682+0000] {logging_mixin.py:190} INFO - [2026-02-26T03:59:29.682+0000] {dag.py:4180} INFO - Setting next_dagrun for demo_schedule_dag to 2026-02-26 03:54:00+00:00, run_after=2026-02-26 03:57:00+00:00
[2026-02-26T03:59:29.704+0000] {processor.py:208} INFO - Processing /opt/airflow/dags/demo_schedule_dag.py took 0.118 seconds
[2026-02-26T04:00:00.041+0000] {processor.py:186} INFO - Started process (PID=230) to work on /opt/airflow/dags/demo_schedule_dag.py
[2026-02-26T04:00:00.042+0000] {processor.py:914} INFO - Processing file /opt/airflow/dags/demo_schedule_dag.py for tasks to queue
[2026-02-26T04:00:00.044+0000] {logging_mixin.py:190} INFO - [2026-02-26T04:00:00.044+0000] {dagbag.py:588} INFO - Filling up the DagBag from /opt/airflow/dags/demo_schedule_dag.py
[2026-02-26T04:00:00.055+0000] {processor.py:925} INFO - DAG(s) 'demo_schedule_dag' retrieved from /opt/airflow/dags/demo_schedule_dag.py
[2026-02-26T04:00:00.102+0000] {logging_mixin.py:190} INFO - [2026-02-26T04:00:00.102+0000] {dag.py:3239} INFO - Sync 1 DAGs
[2026-02-26T04:00:00.141+0000] {logging_mixin.py:190} INFO - [2026-02-26T04:00:00.140+0000] {dag.py:4180} INFO - Setting next_dagrun for demo_schedule_dag to 2026-02-26 03:57:00+00:00, run_after=2026-02-26 04:00:00+00:00
[2026-02-26T04:00:00.161+0000] {processor.py:208} INFO - Processing /opt/airflow/dags/demo_schedule_dag.py took 0.131 seconds
[2026-02-26T04:00:30.433+0000] {processor.py:186} INFO - Started process (PID=248) to work on /opt/airflow/dags/demo_schedule_dag.py
[2026-02-26T04:00:30.435+0000] {processor.py:914} INFO - Processing file /opt/airflow/dags/demo_schedule_dag.py for tasks to queue
[2026-02-26T04:00:30.436+0000] {logging_mixin.py:190} INFO - [2026-02-26T04:00:30.436+0000] {dagbag.py:588} INFO - Filling up the DagBag from /opt/airflow/dags/demo_schedule_dag.py
[2026-02-26T04:00:30.451+0000] {processor.py:925} INFO - DAG(s) 'demo_schedule_dag' retrieved from /opt/airflow/dags/demo_schedule_dag.py
[2026-02-26T04:00:30.494+0000] {logging_mixin.py:190} INFO - [2026-02-26T04:00:30.494+0000] {dag.py:3239} INFO - Sync 1 DAGs
[2026-02-26T04:00:30.525+0000] {logging_mixin.py:190} INFO - [2026-02-26T04:00:30.525+0000] {dag.py:4180} INFO - Setting next_dagrun for demo_schedule_dag to 2026-02-26 03:57:00+00:00, run_after=2026-02-26 04:00:00+00:00
[2026-02-26T04:00:30.544+0000] {processor.py:208} INFO - Processing /opt/airflow/dags/demo_schedule_dag.py took 0.120 seconds
[2026-02-26T04:01:00.870+0000] {processor.py:186} INFO - Started process (PID=266) to work on /opt/airflow/dags/demo_schedule_dag.py
[2026-02-26T04:01:00.871+0000] {processor.py:914} INFO - Processing file /opt/airflow/dags/demo_schedule_dag.py for tasks to queue
[2026-02-26T04:01:00.874+0000] {logging_mixin.py:190} INFO - [2026-02-26T04:01:00.873+0000] {dagbag.py:588} INFO - Filling up the DagBag from /opt/airflow/dags/demo_schedule_dag.py
[2026-02-26T04:01:00.887+0000] {processor.py:925} INFO - DAG(s) 'demo_schedule_dag' retrieved from /opt/airflow/dags/demo_schedule_dag.py
[2026-02-26T04:01:00.931+0000] {logging_mixin.py:190} INFO - [2026-02-26T04:01:00.931+0000] {dag.py:3239} INFO - Sync 1 DAGs
[2026-02-26T04:01:00.965+0000] {logging_mixin.py:190} INFO - [2026-02-26T04:01:00.964+0000] {dag.py:4180} INFO - Setting next_dagrun for demo_schedule_dag to 2026-02-26 03:57:00+00:00, run_after=2026-02-26 04:00:00+00:00
[2026-02-26T04:01:00.984+0000] {processor.py:208} INFO - Processing /opt/airflow/dags/demo_schedule_dag.py took 0.123 seconds
[2026-02-26T04:02:17.124+0000] {processor.py:186} INFO - Started process (PID=161) to work on /opt/airflow/dags/demo_schedule_dag.py
[2026-02-26T04:02:17.126+0000] {processor.py:914} INFO - Processing file /opt/airflow/dags/demo_schedule_dag.py for tasks to queue
[2026-02-26T04:02:17.127+0000] {logging_mixin.py:190} INFO - [2026-02-26T04:02:17.127+0000] {dagbag.py:588} INFO - Filling up the DagBag from /opt/airflow/dags/demo_schedule_dag.py
[2026-02-26T04:02:17.144+0000] {processor.py:925} INFO - DAG(s) 'demo_schedule_dag' retrieved from /opt/airflow/dags/demo_schedule_dag.py
[2026-02-26T04:02:17.530+0000] {logging_mixin.py:190} INFO - [2026-02-26T04:02:17.528+0000] {override.py:1932} INFO - Created Permission View: can read on DAG:demo_schedule_dag
[2026-02-26T04:02:17.542+0000] {logging_mixin.py:190} INFO - [2026-02-26T04:02:17.542+0000] {override.py:1932} INFO - Created Permission View: can delete on DAG:demo_schedule_dag
[2026-02-26T04:02:17.553+0000] {logging_mixin.py:190} INFO - [2026-02-26T04:02:17.552+0000] {override.py:1932} INFO - Created Permission View: can edit on DAG:demo_schedule_dag
[2026-02-26T04:02:17.560+0000] {logging_mixin.py:190} INFO - [2026-02-26T04:02:17.560+0000] {override.py:1932} INFO - Created Permission View: can read on DAG Run:demo_schedule_dag
[2026-02-26T04:02:17.567+0000] {logging_mixin.py:190} INFO - [2026-02-26T04:02:17.566+0000] {override.py:1932} INFO - Created Permission View: can delete on DAG Run:demo_schedule_dag
[2026-02-26T04:02:17.572+0000] {logging_mixin.py:190} INFO - [2026-02-26T04:02:17.572+0000] {override.py:1932} INFO - Created Permission View: menu access on DAG Run:demo_schedule_dag
[2026-02-26T04:02:17.578+0000] {logging_mixin.py:190} INFO - [2026-02-26T04:02:17.577+0000] {override.py:1932} INFO - Created Permission View: can create on DAG Run:demo_schedule_dag
[2026-02-26T04:02:17.578+0000] {logging_mixin.py:190} INFO - [2026-02-26T04:02:17.578+0000] {dag.py:3239} INFO - Sync 1 DAGs
[2026-02-26T04:02:17.591+0000] {logging_mixin.py:190} INFO - [2026-02-26T04:02:17.590+0000] {dag.py:3262} INFO - Creating ORM DAG for demo_schedule_dag
[2026-02-26T04:02:17.603+0000] {logging_mixin.py:190} INFO - [2026-02-26T04:02:17.603+0000] {dag.py:4180} INFO - Setting next_dagrun for demo_schedule_dag to 2026-02-26 03:57:00+00:00, run_after=2026-02-26 04:00:00+00:00
[2026-02-26T04:02:17.621+0000] {processor.py:208} INFO - Processing /opt/airflow/dags/demo_schedule_dag.py took 0.510 seconds
[2026-02-26T04:02:48.449+0000] {processor.py:186} INFO - Started process (PID=179) to work on /opt/airflow/dags/demo_schedule_dag.py
[2026-02-26T04:02:48.450+0000] {processor.py:914} INFO - Processing file /opt/airflow/dags/demo_schedule_dag.py for tasks to queue
[2026-02-26T04:02:48.452+0000] {logging_mixin.py:190} INFO - [2026-02-26T04:02:48.451+0000] {dagbag.py:588} INFO - Filling up the DagBag from /opt/airflow/dags/demo_schedule_dag.py
[2026-02-26T04:02:48.463+0000] {processor.py:925} INFO - DAG(s) 'demo_schedule_dag' retrieved from /opt/airflow/dags/demo_schedule_dag.py
[2026-02-26T04:02:48.504+0000] {logging_mixin.py:190} INFO - [2026-02-26T04:02:48.503+0000] {dag.py:3239} INFO - Sync 1 DAGs
[2026-02-26T04:02:48.536+0000] {logging_mixin.py:190} INFO - [2026-02-26T04:02:48.536+0000] {dag.py:4180} INFO - Setting next_dagrun for demo_schedule_dag to 2026-02-26 03:57:00+00:00, run_after=2026-02-26 04:00:00+00:00
[2026-02-26T04:02:48.557+0000] {processor.py:208} INFO - Processing /opt/airflow/dags/demo_schedule_dag.py took 0.118 seconds
[2026-02-26T04:03:18.833+0000] {processor.py:186} INFO - Started process (PID=197) to work on /opt/airflow/dags/demo_schedule_dag.py
[2026-02-26T04:03:18.834+0000] {processor.py:914} INFO - Processing file /opt/airflow/dags/demo_schedule_dag.py for tasks to queue
[2026-02-26T04:03:18.835+0000] {logging_mixin.py:190} INFO - [2026-02-26T04:03:18.835+0000] {dagbag.py:588} INFO - Filling up the DagBag from /opt/airflow/dags/demo_schedule_dag.py
[2026-02-26T04:03:18.846+0000] {processor.py:925} INFO - DAG(s) 'demo_schedule_dag' retrieved from /opt/airflow/dags/demo_schedule_dag.py
[2026-02-26T04:03:18.887+0000] {logging_mixin.py:190} INFO - [2026-02-26T04:03:18.886+0000] {dag.py:3239} INFO - Sync 1 DAGs
[2026-02-26T04:03:18.919+0000] {logging_mixin.py:190} INFO - [2026-02-26T04:03:18.918+0000] {dag.py:4180} INFO - Setting next_dagrun for demo_schedule_dag to 2026-02-26 04:00:00+00:00, run_after=2026-02-26 04:03:00+00:00
[2026-02-26T04:03:18.939+0000] {processor.py:208} INFO - Processing /opt/airflow/dags/demo_schedule_dag.py took 0.116 seconds
[2026-02-26T04:03:49.256+0000] {processor.py:186} INFO - Started process (PID=215) to work on /opt/airflow/dags/demo_schedule_dag.py
[2026-02-26T04:03:49.257+0000] {processor.py:914} INFO - Processing file /opt/airflow/dags/demo_schedule_dag.py for tasks to queue
[2026-02-26T04:03:49.259+0000] {logging_mixin.py:190} INFO - [2026-02-26T04:03:49.258+0000] {dagbag.py:588} INFO - Filling up the DagBag from /opt/airflow/dags/demo_schedule_dag.py
[2026-02-26T04:03:49.270+0000] {processor.py:925} INFO - DAG(s) 'demo_schedule_dag' retrieved from /opt/airflow/dags/demo_schedule_dag.py
[2026-02-26T04:03:49.321+0000] {logging_mixin.py:190} INFO - [2026-02-26T04:03:49.320+0000] {dag.py:3239} INFO - Sync 1 DAGs
[2026-02-26T04:03:49.353+0000] {logging_mixin.py:190} INFO - [2026-02-26T04:03:49.353+0000] {dag.py:4180} INFO - Setting next_dagrun for demo_schedule_dag to 2026-02-26 04:00:00+00:00, run_after=2026-02-26 04:03:00+00:00
[2026-02-26T04:03:49.373+0000] {processor.py:208} INFO - Processing /opt/airflow/dags/demo_schedule_dag.py took 0.127 seconds
[2026-02-26T04:04:19.672+0000] {processor.py:186} INFO - Started process (PID=266) to work on /opt/airflow/dags/demo_schedule_dag.py
[2026-02-26T04:04:19.673+0000] {processor.py:914} INFO - Processing file /opt/airflow/dags/demo_schedule_dag.py for tasks to queue
[2026-02-26T04:04:19.675+0000] {logging_mixin.py:190} INFO - [2026-02-26T04:04:19.674+0000] {dagbag.py:588} INFO - Filling up the DagBag from /opt/airflow/dags/demo_schedule_dag.py
[2026-02-26T04:04:19.686+0000] {processor.py:925} INFO - DAG(s) 'demo_schedule_dag' retrieved from /opt/airflow/dags/demo_schedule_dag.py
[2026-02-26T04:04:19.730+0000] {logging_mixin.py:190} INFO - [2026-02-26T04:04:19.729+0000] {dag.py:3239} INFO - Sync 1 DAGs
[2026-02-26T04:04:19.762+0000] {logging_mixin.py:190} INFO - [2026-02-26T04:04:19.762+0000] {dag.py:4180} INFO - Setting next_dagrun for demo_schedule_dag to 2026-02-26 04:00:00+00:00, run_after=2026-02-26 04:03:00+00:00
[2026-02-26T04:04:19.790+0000] {processor.py:208} INFO - Processing /opt/airflow/dags/demo_schedule_dag.py took 0.128 seconds
[2026-02-26T04:04:50.080+0000] {processor.py:186} INFO - Started process (PID=284) to work on /opt/airflow/dags/demo_schedule_dag.py
[2026-02-26T04:04:50.081+0000] {processor.py:914} INFO - Processing file /opt/airflow/dags/demo_schedule_dag.py for tasks to queue
[2026-02-26T04:04:50.083+0000] {logging_mixin.py:190} INFO - [2026-02-26T04:04:50.082+0000] {dagbag.py:588} INFO - Filling up the DagBag from /opt/airflow/dags/demo_schedule_dag.py
[2026-02-26T04:04:50.094+0000] {processor.py:925} INFO - DAG(s) 'demo_schedule_dag' retrieved from /opt/airflow/dags/demo_schedule_dag.py
[2026-02-26T04:04:50.137+0000] {logging_mixin.py:190} INFO - [2026-02-26T04:04:50.137+0000] {dag.py:3239} INFO - Sync 1 DAGs
[2026-02-26T04:04:50.181+0000] {logging_mixin.py:190} INFO - [2026-02-26T04:04:50.181+0000] {dag.py:4180} INFO - Setting next_dagrun for demo_schedule_dag to 2026-02-26 04:00:00+00:00, run_after=2026-02-26 04:03:00+00:00
[2026-02-26T04:04:50.201+0000] {processor.py:208} INFO - Processing /opt/airflow/dags/demo_schedule_dag.py took 0.132 seconds
[2026-02-26T04:05:20.503+0000] {processor.py:186} INFO - Started process (PID=302) to work on /opt/airflow/dags/demo_schedule_dag.py
[2026-02-26T04:05:20.504+0000] {processor.py:914} INFO - Processing file /opt/airflow/dags/demo_schedule_dag.py for tasks to queue
[2026-02-26T04:05:20.506+0000] {logging_mixin.py:190} INFO - [2026-02-26T04:05:20.505+0000] {dagbag.py:588} INFO - Filling up the DagBag from /opt/airflow/dags/demo_schedule_dag.py
[2026-02-26T04:05:20.517+0000] {processor.py:925} INFO - DAG(s) 'demo_schedule_dag' retrieved from /opt/airflow/dags/demo_schedule_dag.py
[2026-02-26T04:05:20.561+0000] {logging_mixin.py:190} INFO - [2026-02-26T04:05:20.561+0000] {dag.py:3239} INFO - Sync 1 DAGs
[2026-02-26T04:05:20.594+0000] {logging_mixin.py:190} INFO - [2026-02-26T04:05:20.593+0000] {dag.py:4180} INFO - Setting next_dagrun for demo_schedule_dag to 2026-02-26 04:00:00+00:00, run_after=2026-02-26 04:03:00+00:00
[2026-02-26T04:05:20.615+0000] {processor.py:208} INFO - Processing /opt/airflow/dags/demo_schedule_dag.py took 0.121 seconds
[2026-02-26T04:05:50.932+0000] {processor.py:186} INFO - Started process (PID=320) to work on /opt/airflow/dags/demo_schedule_dag.py
[2026-02-26T04:05:50.933+0000] {processor.py:914} INFO - Processing file /opt/airflow/dags/demo_schedule_dag.py for tasks to queue
[2026-02-26T04:05:50.935+0000] {logging_mixin.py:190} INFO - [2026-02-26T04:05:50.934+0000] {dagbag.py:588} INFO - Filling up the DagBag from /opt/airflow/dags/demo_schedule_dag.py
[2026-02-26T04:05:50.946+0000] {processor.py:925} INFO - DAG(s) 'demo_schedule_dag' retrieved from /opt/airflow/dags/demo_schedule_dag.py
[2026-02-26T04:05:50.989+0000] {logging_mixin.py:190} INFO - [2026-02-26T04:05:50.989+0000] {dag.py:3239} INFO - Sync 1 DAGs
[2026-02-26T04:05:51.025+0000] {logging_mixin.py:190} INFO - [2026-02-26T04:05:51.024+0000] {dag.py:4180} INFO - Setting next_dagrun for demo_schedule_dag to 2026-02-26 04:00:00+00:00, run_after=2026-02-26 04:03:00+00:00
[2026-02-26T04:05:51.046+0000] {processor.py:208} INFO - Processing /opt/airflow/dags/demo_schedule_dag.py took 0.128 seconds
[2026-02-26T04:06:21.337+0000] {processor.py:186} INFO - Started process (PID=338) to work on /opt/airflow/dags/demo_schedule_dag.py
[2026-02-26T04:06:21.338+0000] {processor.py:914} INFO - Processing file /opt/airflow/dags/demo_schedule_dag.py for tasks to queue
[2026-02-26T04:06:21.339+0000] {logging_mixin.py:190} INFO - [2026-02-26T04:06:21.339+0000] {dagbag.py:588} INFO - Filling up the DagBag from /opt/airflow/dags/demo_schedule_dag.py
[2026-02-26T04:06:21.351+0000] {processor.py:925} INFO - DAG(s) 'demo_schedule_dag' retrieved from /opt/airflow/dags/demo_schedule_dag.py
[2026-02-26T04:06:21.393+0000] {logging_mixin.py:190} INFO - [2026-02-26T04:06:21.393+0000] {dag.py:3239} INFO - Sync 1 DAGs
[2026-02-26T04:06:21.426+0000] {logging_mixin.py:190} INFO - [2026-02-26T04:06:21.426+0000] {dag.py:4180} INFO - Setting next_dagrun for demo_schedule_dag to 2026-02-26 04:03:00+00:00, run_after=2026-02-26 04:06:00+00:00
[2026-02-26T04:06:21.446+0000] {processor.py:208} INFO - Processing /opt/airflow/dags/demo_schedule_dag.py took 0.121 seconds
[2026-02-26T04:06:51.766+0000] {processor.py:186} INFO - Started process (PID=356) to work on /opt/airflow/dags/demo_schedule_dag.py
[2026-02-26T04:06:51.767+0000] {processor.py:914} INFO - Processing file /opt/airflow/dags/demo_schedule_dag.py for tasks to queue
[2026-02-26T04:06:51.769+0000] {logging_mixin.py:190} INFO - [2026-02-26T04:06:51.769+0000] {dagbag.py:588} INFO - Filling up the DagBag from /opt/airflow/dags/demo_schedule_dag.py
[2026-02-26T04:06:51.781+0000] {processor.py:925} INFO - DAG(s) 'demo_schedule_dag' retrieved from /opt/airflow/dags/demo_schedule_dag.py
[2026-02-26T04:06:51.830+0000] {logging_mixin.py:190} INFO - [2026-02-26T04:06:51.830+0000] {dag.py:3239} INFO - Sync 1 DAGs
[2026-02-26T04:06:51.863+0000] {logging_mixin.py:190} INFO - [2026-02-26T04:06:51.863+0000] {dag.py:4180} INFO - Setting next_dagrun for demo_schedule_dag to 2026-02-26 04:03:00+00:00, run_after=2026-02-26 04:06:00+00:00
[2026-02-26T04:06:51.882+0000] {processor.py:208} INFO - Processing /opt/airflow/dags/demo_schedule_dag.py took 0.126 seconds
[2026-02-26T04:07:22.190+0000] {processor.py:186} INFO - Started process (PID=374) to work on /opt/airflow/dags/demo_schedule_dag.py
[2026-02-26T04:07:22.191+0000] {processor.py:914} INFO - Processing file /opt/airflow/dags/demo_schedule_dag.py for tasks to queue
[2026-02-26T04:07:22.193+0000] {logging_mixin.py:190} INFO - [2026-02-26T04:07:22.192+0000] {dagbag.py:588} INFO - Filling up the DagBag from /opt/airflow/dags/demo_schedule_dag.py
[2026-02-26T04:07:22.205+0000] {processor.py:925} INFO - DAG(s) 'demo_schedule_dag' retrieved from /opt/airflow/dags/demo_schedule_dag.py
[2026-02-26T04:07:22.247+0000] {logging_mixin.py:190} INFO - [2026-02-26T04:07:22.247+0000] {dag.py:3239} INFO - Sync 1 DAGs
[2026-02-26T04:07:22.279+0000] {logging_mixin.py:190} INFO - [2026-02-26T04:07:22.279+0000] {dag.py:4180} INFO - Setting next_dagrun for demo_schedule_dag to 2026-02-26 04:03:00+00:00, run_after=2026-02-26 04:06:00+00:00
[2026-02-26T04:07:22.298+0000] {processor.py:208} INFO - Processing /opt/airflow/dags/demo_schedule_dag.py took 0.118 seconds
[2026-02-26T04:07:52.633+0000] {processor.py:186} INFO - Started process (PID=392) to work on /opt/airflow/dags/demo_schedule_dag.py
[2026-02-26T04:07:52.635+0000] {processor.py:914} INFO - Processing file /opt/airflow/dags/demo_schedule_dag.py for tasks to queue
[2026-02-26T04:07:52.637+0000] {logging_mixin.py:190} INFO - [2026-02-26T04:07:52.636+0000] {dagbag.py:588} INFO - Filling up the DagBag from /opt/airflow/dags/demo_schedule_dag.py
[2026-02-26T04:07:52.650+0000] {processor.py:925} INFO - DAG(s) 'demo_schedule_dag' retrieved from /opt/airflow/dags/demo_schedule_dag.py
[2026-02-26T04:07:52.697+0000] {logging_mixin.py:190} INFO - [2026-02-26T04:07:52.697+0000] {dag.py:3239} INFO - Sync 1 DAGs
[2026-02-26T04:07:52.730+0000] {logging_mixin.py:190} INFO - [2026-02-26T04:07:52.730+0000] {dag.py:4180} INFO - Setting next_dagrun for demo_schedule_dag to 2026-02-26 04:03:00+00:00, run_after=2026-02-26 04:06:00+00:00
[2026-02-26T04:07:52.753+0000] {processor.py:208} INFO - Processing /opt/airflow/dags/demo_schedule_dag.py took 0.132 seconds
[2026-02-26T04:08:23.066+0000] {processor.py:186} INFO - Started process (PID=410) to work on /opt/airflow/dags/demo_schedule_dag.py
[2026-02-26T04:08:23.067+0000] {processor.py:914} INFO - Processing file /opt/airflow/dags/demo_schedule_dag.py for tasks to queue
[2026-02-26T04:08:23.069+0000] {logging_mixin.py:190} INFO - [2026-02-26T04:08:23.068+0000] {dagbag.py:588} INFO - Filling up the DagBag from /opt/airflow/dags/demo_schedule_dag.py
[2026-02-26T04:08:23.082+0000] {processor.py:925} INFO - DAG(s) 'demo_schedule_dag' retrieved from /opt/airflow/dags/demo_schedule_dag.py
[2026-02-26T04:08:23.140+0000] {logging_mixin.py:190} INFO - [2026-02-26T04:08:23.139+0000] {dag.py:3239} INFO - Sync 1 DAGs
[2026-02-26T04:08:23.174+0000] {logging_mixin.py:190} INFO - [2026-02-26T04:08:23.173+0000] {dag.py:4180} INFO - Setting next_dagrun for demo_schedule_dag to 2026-02-26 04:03:00+00:00, run_after=2026-02-26 04:06:00+00:00
[2026-02-26T04:08:23.194+0000] {processor.py:208} INFO - Processing /opt/airflow/dags/demo_schedule_dag.py took 0.139 seconds
[2026-02-26T04:08:53.478+0000] {processor.py:186} INFO - Started process (PID=428) to work on /opt/airflow/dags/demo_schedule_dag.py
[2026-02-26T04:08:53.479+0000] {processor.py:914} INFO - Processing file /opt/airflow/dags/demo_schedule_dag.py for tasks to queue
[2026-02-26T04:08:53.481+0000] {logging_mixin.py:190} INFO - [2026-02-26T04:08:53.481+0000] {dagbag.py:588} INFO - Filling up the DagBag from /opt/airflow/dags/demo_schedule_dag.py
[2026-02-26T04:08:53.494+0000] {processor.py:925} INFO - DAG(s) 'demo_schedule_dag' retrieved from /opt/airflow/dags/demo_schedule_dag.py
[2026-02-26T04:08:53.541+0000] {logging_mixin.py:190} INFO - [2026-02-26T04:08:53.541+0000] {dag.py:3239} INFO - Sync 1 DAGs
[2026-02-26T04:08:53.576+0000] {logging_mixin.py:190} INFO - [2026-02-26T04:08:53.575+0000] {dag.py:4180} INFO - Setting next_dagrun for demo_schedule_dag to 2026-02-26 04:03:00+00:00, run_after=2026-02-26 04:06:00+00:00
[2026-02-26T04:08:53.603+0000] {processor.py:208} INFO - Processing /opt/airflow/dags/demo_schedule_dag.py took 0.135 seconds
[2026-02-26T04:09:23.891+0000] {processor.py:186} INFO - Started process (PID=446) to work on /opt/airflow/dags/demo_schedule_dag.py
[2026-02-26T04:09:23.892+0000] {processor.py:914} INFO - Processing file /opt/airflow/dags/demo_schedule_dag.py for tasks to queue
[2026-02-26T04:09:23.893+0000] {logging_mixin.py:190} INFO - [2026-02-26T04:09:23.893+0000] {dagbag.py:588} INFO - Filling up the DagBag from /opt/airflow/dags/demo_schedule_dag.py
[2026-02-26T04:09:23.906+0000] {processor.py:925} INFO - DAG(s) 'demo_schedule_dag' retrieved from /opt/airflow/dags/demo_schedule_dag.py
[2026-02-26T04:09:23.957+0000] {logging_mixin.py:190} INFO - [2026-02-26T04:09:23.956+0000] {dag.py:3239} INFO - Sync 1 DAGs
[2026-02-26T04:09:23.998+0000] {logging_mixin.py:190} INFO - [2026-02-26T04:09:23.998+0000] {dag.py:4180} INFO - Setting next_dagrun for demo_schedule_dag to 2026-02-26 04:06:00+00:00, run_after=2026-02-26 04:09:00+00:00
[2026-02-26T04:09:24.018+0000] {processor.py:208} INFO - Processing /opt/airflow/dags/demo_schedule_dag.py took 0.139 seconds
[2026-02-26T04:09:54.310+0000] {processor.py:186} INFO - Started process (PID=464) to work on /opt/airflow/dags/demo_schedule_dag.py
[2026-02-26T04:09:54.312+0000] {processor.py:914} INFO - Processing file /opt/airflow/dags/demo_schedule_dag.py for tasks to queue
[2026-02-26T04:09:54.313+0000] {logging_mixin.py:190} INFO - [2026-02-26T04:09:54.313+0000] {dagbag.py:588} INFO - Filling up the DagBag from /opt/airflow/dags/demo_schedule_dag.py
[2026-02-26T04:09:54.327+0000] {processor.py:925} INFO - DAG(s) 'demo_schedule_dag' retrieved from /opt/airflow/dags/demo_schedule_dag.py
[2026-02-26T04:09:54.371+0000] {logging_mixin.py:190} INFO - [2026-02-26T04:09:54.371+0000] {dag.py:3239} INFO - Sync 1 DAGs
[2026-02-26T04:09:54.405+0000] {logging_mixin.py:190} INFO - [2026-02-26T04:09:54.405+0000] {dag.py:4180} INFO - Setting next_dagrun for demo_schedule_dag to 2026-02-26 04:06:00+00:00, run_after=2026-02-26 04:09:00+00:00
[2026-02-26T04:09:54.424+0000] {processor.py:208} INFO - Processing /opt/airflow/dags/demo_schedule_dag.py took 0.125 seconds
[2026-02-26T04:10:24.733+0000] {processor.py:186} INFO - Started process (PID=482) to work on /opt/airflow/dags/demo_schedule_dag.py
[2026-02-26T04:10:24.734+0000] {processor.py:914} INFO - Processing file /opt/airflow/dags/demo_schedule_dag.py for tasks to queue
[2026-02-26T04:10:24.736+0000] {logging_mixin.py:190} INFO - [2026-02-26T04:10:24.736+0000] {dagbag.py:588} INFO - Filling up the DagBag from /opt/airflow/dags/demo_schedule_dag.py
[2026-02-26T04:10:24.748+0000] {processor.py:925} INFO - DAG(s) 'demo_schedule_dag' retrieved from /opt/airflow/dags/demo_schedule_dag.py
[2026-02-26T04:10:24.791+0000] {logging_mixin.py:190} INFO - [2026-02-26T04:10:24.791+0000] {dag.py:3239} INFO - Sync 1 DAGs
[2026-02-26T04:10:24.823+0000] {logging_mixin.py:190} INFO - [2026-02-26T04:10:24.823+0000] {dag.py:4180} INFO - Setting next_dagrun for demo_schedule_dag to 2026-02-26 04:06:00+00:00, run_after=2026-02-26 04:09:00+00:00
[2026-02-26T04:10:24.843+0000] {processor.py:208} INFO - Processing /opt/airflow/dags/demo_schedule_dag.py took 0.123 seconds
[2026-02-26T04:10:55.132+0000] {processor.py:186} INFO - Started process (PID=500) to work on /opt/airflow/dags/demo_schedule_dag.py
[2026-02-26T04:10:55.134+0000] {processor.py:914} INFO - Processing file /opt/airflow/dags/demo_schedule_dag.py for tasks to queue
[2026-02-26T04:10:55.136+0000] {logging_mixin.py:190} INFO - [2026-02-26T04:10:55.135+0000] {dagbag.py:588} INFO - Filling up the DagBag from /opt/airflow/dags/demo_schedule_dag.py
[2026-02-26T04:10:55.149+0000] {processor.py:925} INFO - DAG(s) 'demo_schedule_dag' retrieved from /opt/airflow/dags/demo_schedule_dag.py
[2026-02-26T04:10:55.195+0000] {logging_mixin.py:190} INFO - [2026-02-26T04:10:55.195+0000] {dag.py:3239} INFO - Sync 1 DAGs
[2026-02-26T04:10:55.230+0000] {logging_mixin.py:190} INFO - [2026-02-26T04:10:55.230+0000] {dag.py:4180} INFO - Setting next_dagrun for demo_schedule_dag to 2026-02-26 04:06:00+00:00, run_after=2026-02-26 04:09:00+00:00
[2026-02-26T04:10:55.250+0000] {processor.py:208} INFO - Processing /opt/airflow/dags/demo_schedule_dag.py took 0.128 seconds
[2026-02-26T04:11:25.549+0000] {processor.py:186} INFO - Started process (PID=518) to work on /opt/airflow/dags/demo_schedule_dag.py
[2026-02-26T04:11:25.550+0000] {processor.py:914} INFO - Processing file /opt/airflow/dags/demo_schedule_dag.py for tasks to queue
[2026-02-26T04:11:25.551+0000] {logging_mixin.py:190} INFO - [2026-02-26T04:11:25.551+0000] {dagbag.py:588} INFO - Filling up the DagBag from /opt/airflow/dags/demo_schedule_dag.py
[2026-02-26T04:11:25.565+0000] {processor.py:925} INFO - DAG(s) 'demo_schedule_dag' retrieved from /opt/airflow/dags/demo_schedule_dag.py
[2026-02-26T04:11:25.620+0000] {logging_mixin.py:190} INFO - [2026-02-26T04:11:25.620+0000] {dag.py:3239} INFO - Sync 1 DAGs
[2026-02-26T04:11:25.657+0000] {logging_mixin.py:190} INFO - [2026-02-26T04:11:25.657+0000] {dag.py:4180} INFO - Setting next_dagrun for demo_schedule_dag to 2026-02-26 04:06:00+00:00, run_after=2026-02-26 04:09:00+00:00
[2026-02-26T04:11:25.678+0000] {processor.py:208} INFO - Processing /opt/airflow/dags/demo_schedule_dag.py took 0.139 seconds
[2026-02-26T04:11:55.983+0000] {processor.py:186} INFO - Started process (PID=536) to work on /opt/airflow/dags/demo_schedule_dag.py
[2026-02-26T04:11:55.985+0000] {processor.py:914} INFO - Processing file /opt/airflow/dags/demo_schedule_dag.py for tasks to queue
[2026-02-26T04:11:55.987+0000] {logging_mixin.py:190} INFO - [2026-02-26T04:11:55.987+0000] {dagbag.py:588} INFO - Filling up the DagBag from /opt/airflow/dags/demo_schedule_dag.py
[2026-02-26T04:11:55.999+0000] {processor.py:925} INFO - DAG(s) 'demo_schedule_dag' retrieved from /opt/airflow/dags/demo_schedule_dag.py
[2026-02-26T04:11:56.042+0000] {logging_mixin.py:190} INFO - [2026-02-26T04:11:56.042+0000] {dag.py:3239} INFO - Sync 1 DAGs
[2026-02-26T04:11:56.074+0000] {logging_mixin.py:190} INFO - [2026-02-26T04:11:56.074+0000] {dag.py:4180} INFO - Setting next_dagrun for demo_schedule_dag to 2026-02-26 04:06:00+00:00, run_after=2026-02-26 04:09:00+00:00
[2026-02-26T04:11:56.093+0000] {processor.py:208} INFO - Processing /opt/airflow/dags/demo_schedule_dag.py took 0.119 seconds
[2026-02-26T04:12:26.393+0000] {processor.py:186} INFO - Started process (PID=554) to work on /opt/airflow/dags/demo_schedule_dag.py
[2026-02-26T04:12:26.395+0000] {processor.py:914} INFO - Processing file /opt/airflow/dags/demo_schedule_dag.py for tasks to queue
[2026-02-26T04:12:26.397+0000] {logging_mixin.py:190} INFO - [2026-02-26T04:12:26.397+0000] {dagbag.py:588} INFO - Filling up the DagBag from /opt/airflow/dags/demo_schedule_dag.py
[2026-02-26T04:12:26.408+0000] {processor.py:925} INFO - DAG(s) 'demo_schedule_dag' retrieved from /opt/airflow/dags/demo_schedule_dag.py
[2026-02-26T04:12:26.463+0000] {logging_mixin.py:190} INFO - [2026-02-26T04:12:26.462+0000] {dag.py:3239} INFO - Sync 1 DAGs
[2026-02-26T04:12:26.496+0000] {logging_mixin.py:190} INFO - [2026-02-26T04:12:26.496+0000] {dag.py:4180} INFO - Setting next_dagrun for demo_schedule_dag to 2026-02-26 04:09:00+00:00, run_after=2026-02-26 04:12:00+00:00
[2026-02-26T04:12:26.517+0000] {processor.py:208} INFO - Processing /opt/airflow/dags/demo_schedule_dag.py took 0.134 seconds
[2026-02-26T04:12:56.808+0000] {processor.py:186} INFO - Started process (PID=572) to work on /opt/airflow/dags/demo_schedule_dag.py
[2026-02-26T04:12:56.809+0000] {processor.py:914} INFO - Processing file /opt/airflow/dags/demo_schedule_dag.py for tasks to queue
[2026-02-26T04:12:56.811+0000] {logging_mixin.py:190} INFO - [2026-02-26T04:12:56.811+0000] {dagbag.py:588} INFO - Filling up the DagBag from /opt/airflow/dags/demo_schedule_dag.py
[2026-02-26T04:12:56.838+0000] {processor.py:925} INFO - DAG(s) 'demo_schedule_dag' retrieved from /opt/airflow/dags/demo_schedule_dag.py
[2026-02-26T04:12:56.887+0000] {logging_mixin.py:190} INFO - [2026-02-26T04:12:56.887+0000] {dag.py:3239} INFO - Sync 1 DAGs
[2026-02-26T04:12:56.918+0000] {logging_mixin.py:190} INFO - [2026-02-26T04:12:56.917+0000] {dag.py:4180} INFO - Setting next_dagrun for demo_schedule_dag to 2026-02-26 04:09:00+00:00, run_after=2026-02-26 04:12:00+00:00
[2026-02-26T04:12:56.939+0000] {processor.py:208} INFO - Processing /opt/airflow/dags/demo_schedule_dag.py took 0.145 seconds
[2026-02-26T04:13:27.237+0000] {processor.py:186} INFO - Started process (PID=590) to work on /opt/airflow/dags/demo_schedule_dag.py
[2026-02-26T04:13:27.239+0000] {processor.py:914} INFO - Processing file /opt/airflow/dags/demo_schedule_dag.py for tasks to queue
[2026-02-26T04:13:27.240+0000] {logging_mixin.py:190} INFO - [2026-02-26T04:13:27.240+0000] {dagbag.py:588} INFO - Filling up the DagBag from /opt/airflow/dags/demo_schedule_dag.py
[2026-02-26T04:13:27.251+0000] {processor.py:925} INFO - DAG(s) 'demo_schedule_dag' retrieved from /opt/airflow/dags/demo_schedule_dag.py
[2026-02-26T04:13:27.306+0000] {logging_mixin.py:190} INFO - [2026-02-26T04:13:27.306+0000] {dag.py:3239} INFO - Sync 1 DAGs
[2026-02-26T04:13:27.332+0000] {logging_mixin.py:190} INFO - [2026-02-26T04:13:27.332+0000] {dag.py:4180} INFO - Setting next_dagrun for demo_schedule_dag to 2026-02-26 04:09:00+00:00, run_after=2026-02-26 04:12:00+00:00
[2026-02-26T04:13:27.349+0000] {processor.py:208} INFO - Processing /opt/airflow/dags/demo_schedule_dag.py took 0.122 seconds
[2026-02-26T04:13:57.649+0000] {processor.py:186} INFO - Started process (PID=608) to work on /opt/airflow/dags/demo_schedule_dag.py
[2026-02-26T04:13:57.651+0000] {processor.py:914} INFO - Processing file /opt/airflow/dags/demo_schedule_dag.py for tasks to queue
[2026-02-26T04:13:57.652+0000] {logging_mixin.py:190} INFO - [2026-02-26T04:13:57.652+0000] {dagbag.py:588} INFO - Filling up the DagBag from /opt/airflow/dags/demo_schedule_dag.py
[2026-02-26T04:13:57.664+0000] {processor.py:925} INFO - DAG(s) 'demo_schedule_dag' retrieved from /opt/airflow/dags/demo_schedule_dag.py
[2026-02-26T04:13:57.709+0000] {logging_mixin.py:190} INFO - [2026-02-26T04:13:57.709+0000] {dag.py:3239} INFO - Sync 1 DAGs
[2026-02-26T04:13:57.743+0000] {logging_mixin.py:190} INFO - [2026-02-26T04:13:57.742+0000] {dag.py:4180} INFO - Setting next_dagrun for demo_schedule_dag to 2026-02-26 04:09:00+00:00, run_after=2026-02-26 04:12:00+00:00
[2026-02-26T04:13:57.762+0000] {processor.py:208} INFO - Processing /opt/airflow/dags/demo_schedule_dag.py took 0.125 seconds
[2026-02-26T04:14:28.062+0000] {processor.py:186} INFO - Started process (PID=626) to work on /opt/airflow/dags/demo_schedule_dag.py
[2026-02-26T04:14:28.065+0000] {processor.py:914} INFO - Processing file /opt/airflow/dags/demo_schedule_dag.py for tasks to queue
[2026-02-26T04:14:28.068+0000] {logging_mixin.py:190} INFO - [2026-02-26T04:14:28.067+0000] {dagbag.py:588} INFO - Filling up the DagBag from /opt/airflow/dags/demo_schedule_dag.py
[2026-02-26T04:14:28.081+0000] {processor.py:925} INFO - DAG(s) 'demo_schedule_dag' retrieved from /opt/airflow/dags/demo_schedule_dag.py
[2026-02-26T04:14:28.140+0000] {logging_mixin.py:190} INFO - [2026-02-26T04:14:28.139+0000] {dag.py:3239} INFO - Sync 1 DAGs
[2026-02-26T04:14:28.182+0000] {logging_mixin.py:190} INFO - [2026-02-26T04:14:28.181+0000] {dag.py:4180} INFO - Setting next_dagrun for demo_schedule_dag to 2026-02-26 04:09:00+00:00, run_after=2026-02-26 04:12:00+00:00
[2026-02-26T04:14:28.215+0000] {processor.py:208} INFO - Processing /opt/airflow/dags/demo_schedule_dag.py took 0.168 seconds
[2026-02-26T04:14:58.511+0000] {processor.py:186} INFO - Started process (PID=644) to work on /opt/airflow/dags/demo_schedule_dag.py
[2026-02-26T04:14:58.512+0000] {processor.py:914} INFO - Processing file /opt/airflow/dags/demo_schedule_dag.py for tasks to queue
[2026-02-26T04:14:58.514+0000] {logging_mixin.py:190} INFO - [2026-02-26T04:14:58.513+0000] {dagbag.py:588} INFO - Filling up the DagBag from /opt/airflow/dags/demo_schedule_dag.py
[2026-02-26T04:14:58.525+0000] {processor.py:925} INFO - DAG(s) 'demo_schedule_dag' retrieved from /opt/airflow/dags/demo_schedule_dag.py
[2026-02-26T04:14:58.565+0000] {logging_mixin.py:190} INFO - [2026-02-26T04:14:58.565+0000] {dag.py:3239} INFO - Sync 1 DAGs
[2026-02-26T04:14:58.596+0000] {logging_mixin.py:190} INFO - [2026-02-26T04:14:58.596+0000] {dag.py:4180} INFO - Setting next_dagrun for demo_schedule_dag to 2026-02-26 04:09:00+00:00, run_after=2026-02-26 04:12:00+00:00
[2026-02-26T04:14:58.615+0000] {processor.py:208} INFO - Processing /opt/airflow/dags/demo_schedule_dag.py took 0.114 seconds
[2026-02-26T04:15:28.913+0000] {processor.py:186} INFO - Started process (PID=662) to work on /opt/airflow/dags/demo_schedule_dag.py
[2026-02-26T04:15:28.914+0000] {processor.py:914} INFO - Processing file /opt/airflow/dags/demo_schedule_dag.py for tasks to queue
[2026-02-26T04:15:28.916+0000] {logging_mixin.py:190} INFO - [2026-02-26T04:15:28.915+0000] {dagbag.py:588} INFO - Filling up the DagBag from /opt/airflow/dags/demo_schedule_dag.py
[2026-02-26T04:15:28.928+0000] {processor.py:925} INFO - DAG(s) 'demo_schedule_dag' retrieved from /opt/airflow/dags/demo_schedule_dag.py
[2026-02-26T04:15:28.980+0000] {logging_mixin.py:190} INFO - [2026-02-26T04:15:28.980+0000] {dag.py:3239} INFO - Sync 1 DAGs
[2026-02-26T04:15:29.023+0000] {logging_mixin.py:190} INFO - [2026-02-26T04:15:29.022+0000] {dag.py:4180} INFO - Setting next_dagrun for demo_schedule_dag to 2026-02-26 04:12:00+00:00, run_after=2026-02-26 04:15:00+00:00
[2026-02-26T04:15:29.049+0000] {processor.py:208} INFO - Processing /opt/airflow/dags/demo_schedule_dag.py took 0.144 seconds
[2026-02-26T04:15:59.347+0000] {processor.py:186} INFO - Started process (PID=680) to work on /opt/airflow/dags/demo_schedule_dag.py
[2026-02-26T04:15:59.348+0000] {processor.py:914} INFO - Processing file /opt/airflow/dags/demo_schedule_dag.py for tasks to queue
[2026-02-26T04:15:59.351+0000] {logging_mixin.py:190} INFO - [2026-02-26T04:15:59.351+0000] {dagbag.py:588} INFO - Filling up the DagBag from /opt/airflow/dags/demo_schedule_dag.py
[2026-02-26T04:15:59.366+0000] {processor.py:925} INFO - DAG(s) 'demo_schedule_dag' retrieved from /opt/airflow/dags/demo_schedule_dag.py
[2026-02-26T04:15:59.409+0000] {logging_mixin.py:190} INFO - [2026-02-26T04:15:59.409+0000] {dag.py:3239} INFO - Sync 1 DAGs
[2026-02-26T04:15:59.443+0000] {logging_mixin.py:190} INFO - [2026-02-26T04:15:59.443+0000] {dag.py:4180} INFO - Setting next_dagrun for demo_schedule_dag to 2026-02-26 04:12:00+00:00, run_after=2026-02-26 04:15:00+00:00
[2026-02-26T04:15:59.463+0000] {processor.py:208} INFO - Processing /opt/airflow/dags/demo_schedule_dag.py took 0.129 seconds
[2026-02-26T04:16:29.780+0000] {processor.py:186} INFO - Started process (PID=698) to work on /opt/airflow/dags/demo_schedule_dag.py
[2026-02-26T04:16:29.783+0000] {processor.py:914} INFO - Processing file /opt/airflow/dags/demo_schedule_dag.py for tasks to queue
[2026-02-26T04:16:29.786+0000] {logging_mixin.py:190} INFO - [2026-02-26T04:16:29.786+0000] {dagbag.py:588} INFO - Filling up the DagBag from /opt/airflow/dags/demo_schedule_dag.py
[2026-02-26T04:16:29.802+0000] {processor.py:925} INFO - DAG(s) 'demo_schedule_dag' retrieved from /opt/airflow/dags/demo_schedule_dag.py
[2026-02-26T04:16:29.842+0000] {logging_mixin.py:190} INFO - [2026-02-26T04:16:29.842+0000] {dag.py:3239} INFO - Sync 1 DAGs
[2026-02-26T04:16:29.879+0000] {logging_mixin.py:190} INFO - [2026-02-26T04:16:29.879+0000] {dag.py:4180} INFO - Setting next_dagrun for demo_schedule_dag to 2026-02-26 04:12:00+00:00, run_after=2026-02-26 04:15:00+00:00
[2026-02-26T04:16:29.900+0000] {processor.py:208} INFO - Processing /opt/airflow/dags/demo_schedule_dag.py took 0.138 seconds
[2026-02-26T04:17:00.208+0000] {processor.py:186} INFO - Started process (PID=716) to work on /opt/airflow/dags/demo_schedule_dag.py
[2026-02-26T04:17:00.209+0000] {processor.py:914} INFO - Processing file /opt/airflow/dags/demo_schedule_dag.py for tasks to queue
[2026-02-26T04:17:00.211+0000] {logging_mixin.py:190} INFO - [2026-02-26T04:17:00.211+0000] {dagbag.py:588} INFO - Filling up the DagBag from /opt/airflow/dags/demo_schedule_dag.py
[2026-02-26T04:17:00.223+0000] {processor.py:925} INFO - DAG(s) 'demo_schedule_dag' retrieved from /opt/airflow/dags/demo_schedule_dag.py
[2026-02-26T04:17:00.289+0000] {logging_mixin.py:190} INFO - [2026-02-26T04:17:00.288+0000] {dag.py:3239} INFO - Sync 1 DAGs
[2026-02-26T04:17:00.323+0000] {logging_mixin.py:190} INFO - [2026-02-26T04:17:00.323+0000] {dag.py:4180} INFO - Setting next_dagrun for demo_schedule_dag to 2026-02-26 04:12:00+00:00, run_after=2026-02-26 04:15:00+00:00
[2026-02-26T04:17:00.344+0000] {processor.py:208} INFO - Processing /opt/airflow/dags/demo_schedule_dag.py took 0.147 seconds
[2026-02-26T04:17:30.656+0000] {processor.py:186} INFO - Started process (PID=734) to work on /opt/airflow/dags/demo_schedule_dag.py
[2026-02-26T04:17:30.657+0000] {processor.py:914} INFO - Processing file /opt/airflow/dags/demo_schedule_dag.py for tasks to queue
[2026-02-26T04:17:30.659+0000] {logging_mixin.py:190} INFO - [2026-02-26T04:17:30.658+0000] {dagbag.py:588} INFO - Filling up the DagBag from /opt/airflow/dags/demo_schedule_dag.py
[2026-02-26T04:17:30.671+0000] {processor.py:925} INFO - DAG(s) 'demo_schedule_dag' retrieved from /opt/airflow/dags/demo_schedule_dag.py
[2026-02-26T04:17:30.715+0000] {logging_mixin.py:190} INFO - [2026-02-26T04:17:30.715+0000] {dag.py:3239} INFO - Sync 1 DAGs
[2026-02-26T04:17:30.749+0000] {logging_mixin.py:190} INFO - [2026-02-26T04:17:30.749+0000] {dag.py:4180} INFO - Setting next_dagrun for demo_schedule_dag to 2026-02-26 04:12:00+00:00, run_after=2026-02-26 04:15:00+00:00
[2026-02-26T04:17:30.771+0000] {processor.py:208} INFO - Processing /opt/airflow/dags/demo_schedule_dag.py took 0.125 seconds
[2026-02-26T04:18:01.052+0000] {processor.py:186} INFO - Started process (PID=752) to work on /opt/airflow/dags/demo_schedule_dag.py
[2026-02-26T04:18:01.054+0000] {processor.py:914} INFO - Processing file /opt/airflow/dags/demo_schedule_dag.py for tasks to queue
[2026-02-26T04:18:01.055+0000] {logging_mixin.py:190} INFO - [2026-02-26T04:18:01.055+0000] {dagbag.py:588} INFO - Filling up the DagBag from /opt/airflow/dags/demo_schedule_dag.py
[2026-02-26T04:18:01.066+0000] {processor.py:925} INFO - DAG(s) 'demo_schedule_dag' retrieved from /opt/airflow/dags/demo_schedule_dag.py
[2026-02-26T04:18:01.109+0000] {logging_mixin.py:190} INFO - [2026-02-26T04:18:01.108+0000] {dag.py:3239} INFO - Sync 1 DAGs
[2026-02-26T04:18:01.141+0000] {logging_mixin.py:190} INFO - [2026-02-26T04:18:01.140+0000] {dag.py:4180} INFO - Setting next_dagrun for demo_schedule_dag to 2026-02-26 04:15:00+00:00, run_after=2026-02-26 04:18:00+00:00
[2026-02-26T04:18:01.161+0000] {processor.py:208} INFO - Processing /opt/airflow/dags/demo_schedule_dag.py took 0.118 seconds
[2026-02-26T04:18:31.440+0000] {processor.py:186} INFO - Started process (PID=770) to work on /opt/airflow/dags/demo_schedule_dag.py
[2026-02-26T04:18:31.440+0000] {processor.py:914} INFO - Processing file /opt/airflow/dags/demo_schedule_dag.py for tasks to queue
[2026-02-26T04:18:31.442+0000] {logging_mixin.py:190} INFO - [2026-02-26T04:18:31.441+0000] {dagbag.py:588} INFO - Filling up the DagBag from /opt/airflow/dags/demo_schedule_dag.py
[2026-02-26T04:18:31.452+0000] {processor.py:925} INFO - DAG(s) 'demo_schedule_dag' retrieved from /opt/airflow/dags/demo_schedule_dag.py
[2026-02-26T04:18:31.491+0000] {logging_mixin.py:190} INFO - [2026-02-26T04:18:31.491+0000] {dag.py:3239} INFO - Sync 1 DAGs
[2026-02-26T04:18:31.521+0000] {logging_mixin.py:190} INFO - [2026-02-26T04:18:31.521+0000] {dag.py:4180} INFO - Setting next_dagrun for demo_schedule_dag to 2026-02-26 04:15:00+00:00, run_after=2026-02-26 04:18:00+00:00
[2026-02-26T04:18:31.536+0000] {processor.py:208} INFO - Processing /opt/airflow/dags/demo_schedule_dag.py took 0.107 seconds
[2026-02-26T04:19:01.814+0000] {processor.py:186} INFO - Started process (PID=788) to work on /opt/airflow/dags/demo_schedule_dag.py
[2026-02-26T04:19:01.815+0000] {processor.py:914} INFO - Processing file /opt/airflow/dags/demo_schedule_dag.py for tasks to queue
[2026-02-26T04:19:01.817+0000] {logging_mixin.py:190} INFO - [2026-02-26T04:19:01.816+0000] {dagbag.py:588} INFO - Filling up the DagBag from /opt/airflow/dags/demo_schedule_dag.py
[2026-02-26T04:19:01.828+0000] {processor.py:925} INFO - DAG(s) 'demo_schedule_dag' retrieved from /opt/airflow/dags/demo_schedule_dag.py
[2026-02-26T04:19:01.881+0000] {logging_mixin.py:190} INFO - [2026-02-26T04:19:01.881+0000] {dag.py:3239} INFO - Sync 1 DAGs
[2026-02-26T04:19:01.913+0000] {logging_mixin.py:190} INFO - [2026-02-26T04:19:01.913+0000] {dag.py:4180} INFO - Setting next_dagrun for demo_schedule_dag to 2026-02-26 04:15:00+00:00, run_after=2026-02-26 04:18:00+00:00
[2026-02-26T04:19:01.931+0000] {processor.py:208} INFO - Processing /opt/airflow/dags/demo_schedule_dag.py took 0.126 seconds
[2026-02-26T04:19:32.208+0000] {processor.py:186} INFO - Started process (PID=806) to work on /opt/airflow/dags/demo_schedule_dag.py
[2026-02-26T04:19:32.209+0000] {processor.py:914} INFO - Processing file /opt/airflow/dags/demo_schedule_dag.py for tasks to queue
[2026-02-26T04:19:32.210+0000] {logging_mixin.py:190} INFO - [2026-02-26T04:19:32.210+0000] {dagbag.py:588} INFO - Filling up the DagBag from /opt/airflow/dags/demo_schedule_dag.py
[2026-02-26T04:19:32.223+0000] {processor.py:925} INFO - DAG(s) 'demo_schedule_dag' retrieved from /opt/airflow/dags/demo_schedule_dag.py
[2026-02-26T04:19:32.265+0000] {logging_mixin.py:190} INFO - [2026-02-26T04:19:32.265+0000] {dag.py:3239} INFO - Sync 1 DAGs
[2026-02-26T04:19:32.297+0000] {logging_mixin.py:190} INFO - [2026-02-26T04:19:32.297+0000] {dag.py:4180} INFO - Setting next_dagrun for demo_schedule_dag to 2026-02-26 04:15:00+00:00, run_after=2026-02-26 04:18:00+00:00
[2026-02-26T04:19:32.318+0000] {processor.py:208} INFO - Processing /opt/airflow/dags/demo_schedule_dag.py took 0.119 seconds
[2026-02-26T04:20:02.618+0000] {processor.py:186} INFO - Started process (PID=824) to work on /opt/airflow/dags/demo_schedule_dag.py
[2026-02-26T04:20:02.620+0000] {processor.py:914} INFO - Processing file /opt/airflow/dags/demo_schedule_dag.py for tasks to queue
[2026-02-26T04:20:02.621+0000] {logging_mixin.py:190} INFO - [2026-02-26T04:20:02.621+0000] {dagbag.py:588} INFO - Filling up the DagBag from /opt/airflow/dags/demo_schedule_dag.py
[2026-02-26T04:20:02.632+0000] {processor.py:925} INFO - DAG(s) 'demo_schedule_dag' retrieved from /opt/airflow/dags/demo_schedule_dag.py
[2026-02-26T04:20:02.672+0000] {logging_mixin.py:190} INFO - [2026-02-26T04:20:02.672+0000] {dag.py:3239} INFO - Sync 1 DAGs
[2026-02-26T04:20:02.704+0000] {logging_mixin.py:190} INFO - [2026-02-26T04:20:02.704+0000] {dag.py:4180} INFO - Setting next_dagrun for demo_schedule_dag to 2026-02-26 04:15:00+00:00, run_after=2026-02-26 04:18:00+00:00
[2026-02-26T04:20:02.732+0000] {processor.py:208} INFO - Processing /opt/airflow/dags/demo_schedule_dag.py took 0.123 seconds
[2026-02-26T04:20:33.021+0000] {processor.py:186} INFO - Started process (PID=842) to work on /opt/airflow/dags/demo_schedule_dag.py
[2026-02-26T04:20:33.022+0000] {processor.py:914} INFO - Processing file /opt/airflow/dags/demo_schedule_dag.py for tasks to queue
[2026-02-26T04:20:33.023+0000] {logging_mixin.py:190} INFO - [2026-02-26T04:20:33.023+0000] {dagbag.py:588} INFO - Filling up the DagBag from /opt/airflow/dags/demo_schedule_dag.py
[2026-02-26T04:20:33.034+0000] {processor.py:925} INFO - DAG(s) 'demo_schedule_dag' retrieved from /opt/airflow/dags/demo_schedule_dag.py
[2026-02-26T04:20:33.076+0000] {logging_mixin.py:190} INFO - [2026-02-26T04:20:33.076+0000] {dag.py:3239} INFO - Sync 1 DAGs
[2026-02-26T04:20:33.108+0000] {logging_mixin.py:190} INFO - [2026-02-26T04:20:33.108+0000] {dag.py:4180} INFO - Setting next_dagrun for demo_schedule_dag to 2026-02-26 04:15:00+00:00, run_after=2026-02-26 04:18:00+00:00
[2026-02-26T04:20:33.128+0000] {processor.py:208} INFO - Processing /opt/airflow/dags/demo_schedule_dag.py took 0.118 seconds
[2026-02-26T04:21:03.419+0000] {processor.py:186} INFO - Started process (PID=860) to work on /opt/airflow/dags/demo_schedule_dag.py
[2026-02-26T04:21:03.420+0000] {processor.py:914} INFO - Processing file /opt/airflow/dags/demo_schedule_dag.py for tasks to queue
[2026-02-26T04:21:03.421+0000] {logging_mixin.py:190} INFO - [2026-02-26T04:21:03.421+0000] {dagbag.py:588} INFO - Filling up the DagBag from /opt/airflow/dags/demo_schedule_dag.py
[2026-02-26T04:21:03.433+0000] {processor.py:925} INFO - DAG(s) 'demo_schedule_dag' retrieved from /opt/airflow/dags/demo_schedule_dag.py
[2026-02-26T04:21:03.475+0000] {logging_mixin.py:190} INFO - [2026-02-26T04:21:03.474+0000] {dag.py:3239} INFO - Sync 1 DAGs
[2026-02-26T04:21:03.508+0000] {logging_mixin.py:190} INFO - [2026-02-26T04:21:03.508+0000] {dag.py:4180} INFO - Setting next_dagrun for demo_schedule_dag to 2026-02-26 04:18:00+00:00, run_after=2026-02-26 04:21:00+00:00
[2026-02-26T04:21:03.529+0000] {processor.py:208} INFO - Processing /opt/airflow/dags/demo_schedule_dag.py took 0.120 seconds
[2026-02-26T04:21:33.811+0000] {processor.py:186} INFO - Started process (PID=878) to work on /opt/airflow/dags/demo_schedule_dag.py
[2026-02-26T04:21:33.812+0000] {processor.py:914} INFO - Processing file /opt/airflow/dags/demo_schedule_dag.py for tasks to queue
[2026-02-26T04:21:33.814+0000] {logging_mixin.py:190} INFO - [2026-02-26T04:21:33.813+0000] {dagbag.py:588} INFO - Filling up the DagBag from /opt/airflow/dags/demo_schedule_dag.py
[2026-02-26T04:21:33.825+0000] {processor.py:925} INFO - DAG(s) 'demo_schedule_dag' retrieved from /opt/airflow/dags/demo_schedule_dag.py
[2026-02-26T04:21:33.866+0000] {logging_mixin.py:190} INFO - [2026-02-26T04:21:33.866+0000] {dag.py:3239} INFO - Sync 1 DAGs
[2026-02-26T04:21:33.897+0000] {logging_mixin.py:190} INFO - [2026-02-26T04:21:33.897+0000] {dag.py:4180} INFO - Setting next_dagrun for demo_schedule_dag to 2026-02-26 04:18:00+00:00, run_after=2026-02-26 04:21:00+00:00
[2026-02-26T04:21:33.916+0000] {processor.py:208} INFO - Processing /opt/airflow/dags/demo_schedule_dag.py took 0.115 seconds
[2026-02-26T04:22:04.083+0000] {processor.py:186} INFO - Started process (PID=883) to work on /opt/airflow/dags/demo_schedule_dag.py
[2026-02-26T04:22:04.085+0000] {processor.py:914} INFO - Processing file /opt/airflow/dags/demo_schedule_dag.py for tasks to queue
[2026-02-26T04:22:04.086+0000] {logging_mixin.py:190} INFO - [2026-02-26T04:22:04.086+0000] {dagbag.py:588} INFO - Filling up the DagBag from /opt/airflow/dags/demo_schedule_dag.py
[2026-02-26T04:22:04.098+0000] {processor.py:925} INFO - DAG(s) 'demo_schedule_dag' retrieved from /opt/airflow/dags/demo_schedule_dag.py
[2026-02-26T04:22:04.140+0000] {logging_mixin.py:190} INFO - [2026-02-26T04:22:04.140+0000] {dag.py:3239} INFO - Sync 1 DAGs
[2026-02-26T04:22:04.204+0000] {logging_mixin.py:190} INFO - [2026-02-26T04:22:04.204+0000] {dag.py:4180} INFO - Setting next_dagrun for demo_schedule_dag to 2026-02-26 04:18:00+00:00, run_after=2026-02-26 04:21:00+00:00
[2026-02-26T04:22:04.236+0000] {processor.py:208} INFO - Processing /opt/airflow/dags/demo_schedule_dag.py took 0.163 seconds
[2026-02-26T04:22:34.557+0000] {processor.py:186} INFO - Started process (PID=901) to work on /opt/airflow/dags/demo_schedule_dag.py
[2026-02-26T04:22:34.559+0000] {processor.py:914} INFO - Processing file /opt/airflow/dags/demo_schedule_dag.py for tasks to queue
[2026-02-26T04:22:34.560+0000] {logging_mixin.py:190} INFO - [2026-02-26T04:22:34.559+0000] {dagbag.py:588} INFO - Filling up the DagBag from /opt/airflow/dags/demo_schedule_dag.py
[2026-02-26T04:22:34.571+0000] {processor.py:925} INFO - DAG(s) 'demo_schedule_dag' retrieved from /opt/airflow/dags/demo_schedule_dag.py
[2026-02-26T04:22:34.615+0000] {logging_mixin.py:190} INFO - [2026-02-26T04:22:34.614+0000] {dag.py:3239} INFO - Sync 1 DAGs
[2026-02-26T04:22:34.647+0000] {logging_mixin.py:190} INFO - [2026-02-26T04:22:34.647+0000] {dag.py:4180} INFO - Setting next_dagrun for demo_schedule_dag to 2026-02-26 04:18:00+00:00, run_after=2026-02-26 04:21:00+00:00
[2026-02-26T04:22:34.667+0000] {processor.py:208} INFO - Processing /opt/airflow/dags/demo_schedule_dag.py took 0.121 seconds
[2026-02-26T04:23:04.978+0000] {processor.py:186} INFO - Started process (PID=919) to work on /opt/airflow/dags/demo_schedule_dag.py
[2026-02-26T04:23:04.980+0000] {processor.py:914} INFO - Processing file /opt/airflow/dags/demo_schedule_dag.py for tasks to queue
[2026-02-26T04:23:04.981+0000] {logging_mixin.py:190} INFO - [2026-02-26T04:23:04.981+0000] {dagbag.py:588} INFO - Filling up the DagBag from /opt/airflow/dags/demo_schedule_dag.py
[2026-02-26T04:23:04.992+0000] {processor.py:925} INFO - DAG(s) 'demo_schedule_dag' retrieved from /opt/airflow/dags/demo_schedule_dag.py
[2026-02-26T04:23:05.033+0000] {logging_mixin.py:190} INFO - [2026-02-26T04:23:05.033+0000] {dag.py:3239} INFO - Sync 1 DAGs
[2026-02-26T04:23:05.064+0000] {logging_mixin.py:190} INFO - [2026-02-26T04:23:05.064+0000] {dag.py:4180} INFO - Setting next_dagrun for demo_schedule_dag to 2026-02-26 04:18:00+00:00, run_after=2026-02-26 04:21:00+00:00
[2026-02-26T04:23:05.085+0000] {processor.py:208} INFO - Processing /opt/airflow/dags/demo_schedule_dag.py took 0.119 seconds
[2026-02-26T04:23:35.382+0000] {processor.py:186} INFO - Started process (PID=937) to work on /opt/airflow/dags/demo_schedule_dag.py
[2026-02-26T04:23:35.384+0000] {processor.py:914} INFO - Processing file /opt/airflow/dags/demo_schedule_dag.py for tasks to queue
[2026-02-26T04:23:35.385+0000] {logging_mixin.py:190} INFO - [2026-02-26T04:23:35.385+0000] {dagbag.py:588} INFO - Filling up the DagBag from /opt/airflow/dags/demo_schedule_dag.py
[2026-02-26T04:23:35.397+0000] {processor.py:925} INFO - DAG(s) 'demo_schedule_dag' retrieved from /opt/airflow/dags/demo_schedule_dag.py
[2026-02-26T04:23:35.437+0000] {logging_mixin.py:190} INFO - [2026-02-26T04:23:35.437+0000] {dag.py:3239} INFO - Sync 1 DAGs
[2026-02-26T04:23:35.469+0000] {logging_mixin.py:190} INFO - [2026-02-26T04:23:35.469+0000] {dag.py:4180} INFO - Setting next_dagrun for demo_schedule_dag to 2026-02-26 04:18:00+00:00, run_after=2026-02-26 04:21:00+00:00
[2026-02-26T04:23:35.488+0000] {processor.py:208} INFO - Processing /opt/airflow/dags/demo_schedule_dag.py took 0.116 seconds
[2026-02-26T04:24:05.787+0000] {processor.py:186} INFO - Started process (PID=955) to work on /opt/airflow/dags/demo_schedule_dag.py
[2026-02-26T04:24:05.789+0000] {processor.py:914} INFO - Processing file /opt/airflow/dags/demo_schedule_dag.py for tasks to queue
[2026-02-26T04:24:05.790+0000] {logging_mixin.py:190} INFO - [2026-02-26T04:24:05.790+0000] {dagbag.py:588} INFO - Filling up the DagBag from /opt/airflow/dags/demo_schedule_dag.py
[2026-02-26T04:24:05.802+0000] {processor.py:925} INFO - DAG(s) 'demo_schedule_dag' retrieved from /opt/airflow/dags/demo_schedule_dag.py
[2026-02-26T04:24:05.845+0000] {logging_mixin.py:190} INFO - [2026-02-26T04:24:05.845+0000] {dag.py:3239} INFO - Sync 1 DAGs
[2026-02-26T04:24:05.885+0000] {logging_mixin.py:190} INFO - [2026-02-26T04:24:05.885+0000] {dag.py:4180} INFO - Setting next_dagrun for demo_schedule_dag to 2026-02-26 04:21:00+00:00, run_after=2026-02-26 04:24:00+00:00
[2026-02-26T04:24:05.915+0000] {processor.py:208} INFO - Processing /opt/airflow/dags/demo_schedule_dag.py took 0.140 seconds
[2026-02-26T04:24:36.212+0000] {processor.py:186} INFO - Started process (PID=973) to work on /opt/airflow/dags/demo_schedule_dag.py
[2026-02-26T04:24:36.213+0000] {processor.py:914} INFO - Processing file /opt/airflow/dags/demo_schedule_dag.py for tasks to queue
[2026-02-26T04:24:36.215+0000] {logging_mixin.py:190} INFO - [2026-02-26T04:24:36.214+0000] {dagbag.py:588} INFO - Filling up the DagBag from /opt/airflow/dags/demo_schedule_dag.py
[2026-02-26T04:24:36.232+0000] {processor.py:925} INFO - DAG(s) 'demo_schedule_dag' retrieved from /opt/airflow/dags/demo_schedule_dag.py
[2026-02-26T04:24:36.286+0000] {logging_mixin.py:190} INFO - [2026-02-26T04:24:36.286+0000] {dag.py:3239} INFO - Sync 1 DAGs
[2026-02-26T04:24:36.323+0000] {logging_mixin.py:190} INFO - [2026-02-26T04:24:36.323+0000] {dag.py:4180} INFO - Setting next_dagrun for demo_schedule_dag to 2026-02-26 04:21:00+00:00, run_after=2026-02-26 04:24:00+00:00
[2026-02-26T04:24:36.343+0000] {processor.py:208} INFO - Processing /opt/airflow/dags/demo_schedule_dag.py took 0.142 seconds
[2026-02-26T04:25:06.687+0000] {processor.py:186} INFO - Started process (PID=991) to work on /opt/airflow/dags/demo_schedule_dag.py
[2026-02-26T04:25:06.688+0000] {processor.py:914} INFO - Processing file /opt/airflow/dags/demo_schedule_dag.py for tasks to queue
[2026-02-26T04:25:06.690+0000] {logging_mixin.py:190} INFO - [2026-02-26T04:25:06.689+0000] {dagbag.py:588} INFO - Filling up the DagBag from /opt/airflow/dags/demo_schedule_dag.py
[2026-02-26T04:25:06.702+0000] {processor.py:925} INFO - DAG(s) 'demo_schedule_dag' retrieved from /opt/airflow/dags/demo_schedule_dag.py
[2026-02-26T04:25:06.744+0000] {logging_mixin.py:190} INFO - [2026-02-26T04:25:06.743+0000] {dag.py:3239} INFO - Sync 1 DAGs
[2026-02-26T04:25:06.782+0000] {logging_mixin.py:190} INFO - [2026-02-26T04:25:06.782+0000] {dag.py:4180} INFO - Setting next_dagrun for demo_schedule_dag to 2026-02-26 04:21:00+00:00, run_after=2026-02-26 04:24:00+00:00
[2026-02-26T04:25:06.800+0000] {processor.py:208} INFO - Processing /opt/airflow/dags/demo_schedule_dag.py took 0.124 seconds
[2026-02-26T04:25:37.106+0000] {processor.py:186} INFO - Started process (PID=1009) to work on /opt/airflow/dags/demo_schedule_dag.py
[2026-02-26T04:25:37.108+0000] {processor.py:914} INFO - Processing file /opt/airflow/dags/demo_schedule_dag.py for tasks to queue
[2026-02-26T04:25:37.109+0000] {logging_mixin.py:190} INFO - [2026-02-26T04:25:37.108+0000] {dagbag.py:588} INFO - Filling up the DagBag from /opt/airflow/dags/demo_schedule_dag.py
[2026-02-26T04:25:37.120+0000] {processor.py:925} INFO - DAG(s) 'demo_schedule_dag' retrieved from /opt/airflow/dags/demo_schedule_dag.py
[2026-02-26T04:25:37.162+0000] {logging_mixin.py:190} INFO - [2026-02-26T04:25:37.162+0000] {dag.py:3239} INFO - Sync 1 DAGs
[2026-02-26T04:25:37.195+0000] {logging_mixin.py:190} INFO - [2026-02-26T04:25:37.195+0000] {dag.py:4180} INFO - Setting next_dagrun for demo_schedule_dag to 2026-02-26 04:21:00+00:00, run_after=2026-02-26 04:24:00+00:00
[2026-02-26T04:25:37.216+0000] {processor.py:208} INFO - Processing /opt/airflow/dags/demo_schedule_dag.py took 0.123 seconds
[2026-02-26T04:26:07.506+0000] {processor.py:186} INFO - Started process (PID=1027) to work on /opt/airflow/dags/demo_schedule_dag.py
[2026-02-26T04:26:07.507+0000] {processor.py:914} INFO - Processing file /opt/airflow/dags/demo_schedule_dag.py for tasks to queue
[2026-02-26T04:26:07.509+0000] {logging_mixin.py:190} INFO - [2026-02-26T04:26:07.509+0000] {dagbag.py:588} INFO - Filling up the DagBag from /opt/airflow/dags/demo_schedule_dag.py
[2026-02-26T04:26:07.521+0000] {processor.py:925} INFO - DAG(s) 'demo_schedule_dag' retrieved from /opt/airflow/dags/demo_schedule_dag.py
[2026-02-26T04:26:07.556+0000] {logging_mixin.py:190} INFO - [2026-02-26T04:26:07.556+0000] {dag.py:3239} INFO - Sync 1 DAGs
[2026-02-26T04:26:07.583+0000] {logging_mixin.py:190} INFO - [2026-02-26T04:26:07.583+0000] {dag.py:4180} INFO - Setting next_dagrun for demo_schedule_dag to 2026-02-26 04:21:00+00:00, run_after=2026-02-26 04:24:00+00:00
[2026-02-26T04:26:07.598+0000] {processor.py:208} INFO - Processing /opt/airflow/dags/demo_schedule_dag.py took 0.102 seconds
[2026-02-26T04:26:37.921+0000] {processor.py:186} INFO - Started process (PID=1045) to work on /opt/airflow/dags/demo_schedule_dag.py
[2026-02-26T04:26:37.923+0000] {processor.py:914} INFO - Processing file /opt/airflow/dags/demo_schedule_dag.py for tasks to queue
[2026-02-26T04:26:37.924+0000] {logging_mixin.py:190} INFO - [2026-02-26T04:26:37.924+0000] {dagbag.py:588} INFO - Filling up the DagBag from /opt/airflow/dags/demo_schedule_dag.py
[2026-02-26T04:26:37.935+0000] {processor.py:925} INFO - DAG(s) 'demo_schedule_dag' retrieved from /opt/airflow/dags/demo_schedule_dag.py
[2026-02-26T04:26:37.973+0000] {logging_mixin.py:190} INFO - [2026-02-26T04:26:37.973+0000] {dag.py:3239} INFO - Sync 1 DAGs
[2026-02-26T04:26:38.004+0000] {logging_mixin.py:190} INFO - [2026-02-26T04:26:38.004+0000] {dag.py:4180} INFO - Setting next_dagrun for demo_schedule_dag to 2026-02-26 04:21:00+00:00, run_after=2026-02-26 04:24:00+00:00
[2026-02-26T04:26:38.022+0000] {processor.py:208} INFO - Processing /opt/airflow/dags/demo_schedule_dag.py took 0.110 seconds
[2026-02-26T04:27:08.305+0000] {processor.py:186} INFO - Started process (PID=1063) to work on /opt/airflow/dags/demo_schedule_dag.py
[2026-02-26T04:27:08.306+0000] {processor.py:914} INFO - Processing file /opt/airflow/dags/demo_schedule_dag.py for tasks to queue
[2026-02-26T04:27:08.307+0000] {logging_mixin.py:190} INFO - [2026-02-26T04:27:08.307+0000] {dagbag.py:588} INFO - Filling up the DagBag from /opt/airflow/dags/demo_schedule_dag.py
[2026-02-26T04:27:08.318+0000] {processor.py:925} INFO - DAG(s) 'demo_schedule_dag' retrieved from /opt/airflow/dags/demo_schedule_dag.py
[2026-02-26T04:27:08.360+0000] {logging_mixin.py:190} INFO - [2026-02-26T04:27:08.360+0000] {dag.py:3239} INFO - Sync 1 DAGs
[2026-02-26T04:27:08.390+0000] {logging_mixin.py:190} INFO - [2026-02-26T04:27:08.390+0000] {dag.py:4180} INFO - Setting next_dagrun for demo_schedule_dag to 2026-02-26 04:24:00+00:00, run_after=2026-02-26 04:27:00+00:00
[2026-02-26T04:27:08.410+0000] {processor.py:208} INFO - Processing /opt/airflow/dags/demo_schedule_dag.py took 0.115 seconds
[2026-02-26T04:27:38.715+0000] {processor.py:186} INFO - Started process (PID=1081) to work on /opt/airflow/dags/demo_schedule_dag.py
[2026-02-26T04:27:38.717+0000] {processor.py:914} INFO - Processing file /opt/airflow/dags/demo_schedule_dag.py for tasks to queue
[2026-02-26T04:27:38.718+0000] {logging_mixin.py:190} INFO - [2026-02-26T04:27:38.718+0000] {dagbag.py:588} INFO - Filling up the DagBag from /opt/airflow/dags/demo_schedule_dag.py
[2026-02-26T04:27:38.729+0000] {processor.py:925} INFO - DAG(s) 'demo_schedule_dag' retrieved from /opt/airflow/dags/demo_schedule_dag.py
[2026-02-26T04:27:38.774+0000] {logging_mixin.py:190} INFO - [2026-02-26T04:27:38.774+0000] {dag.py:3239} INFO - Sync 1 DAGs
[2026-02-26T04:27:38.806+0000] {logging_mixin.py:190} INFO - [2026-02-26T04:27:38.806+0000] {dag.py:4180} INFO - Setting next_dagrun for demo_schedule_dag to 2026-02-26 04:24:00+00:00, run_after=2026-02-26 04:27:00+00:00
[2026-02-26T04:27:38.825+0000] {processor.py:208} INFO - Processing /opt/airflow/dags/demo_schedule_dag.py took 0.119 seconds
[2026-02-26T04:28:09.123+0000] {processor.py:186} INFO - Started process (PID=1099) to work on /opt/airflow/dags/demo_schedule_dag.py
[2026-02-26T04:28:09.124+0000] {processor.py:914} INFO - Processing file /opt/airflow/dags/demo_schedule_dag.py for tasks to queue
[2026-02-26T04:28:09.126+0000] {logging_mixin.py:190} INFO - [2026-02-26T04:28:09.125+0000] {dagbag.py:588} INFO - Filling up the DagBag from /opt/airflow/dags/demo_schedule_dag.py
[2026-02-26T04:28:09.137+0000] {processor.py:925} INFO - DAG(s) 'demo_schedule_dag' retrieved from /opt/airflow/dags/demo_schedule_dag.py
[2026-02-26T04:28:09.179+0000] {logging_mixin.py:190} INFO - [2026-02-26T04:28:09.179+0000] {dag.py:3239} INFO - Sync 1 DAGs
[2026-02-26T04:28:09.211+0000] {logging_mixin.py:190} INFO - [2026-02-26T04:28:09.211+0000] {dag.py:4180} INFO - Setting next_dagrun for demo_schedule_dag to 2026-02-26 04:24:00+00:00, run_after=2026-02-26 04:27:00+00:00
[2026-02-26T04:28:09.231+0000] {processor.py:208} INFO - Processing /opt/airflow/dags/demo_schedule_dag.py took 0.117 seconds
[2026-02-26T04:28:39.534+0000] {processor.py:186} INFO - Started process (PID=1117) to work on /opt/airflow/dags/demo_schedule_dag.py
[2026-02-26T04:28:39.536+0000] {processor.py:914} INFO - Processing file /opt/airflow/dags/demo_schedule_dag.py for tasks to queue
[2026-02-26T04:28:39.538+0000] {logging_mixin.py:190} INFO - [2026-02-26T04:28:39.537+0000] {dagbag.py:588} INFO - Filling up the DagBag from /opt/airflow/dags/demo_schedule_dag.py
[2026-02-26T04:28:39.550+0000] {processor.py:925} INFO - DAG(s) 'demo_schedule_dag' retrieved from /opt/airflow/dags/demo_schedule_dag.py
[2026-02-26T04:28:39.603+0000] {logging_mixin.py:190} INFO - [2026-02-26T04:28:39.603+0000] {dag.py:3239} INFO - Sync 1 DAGs
[2026-02-26T04:28:39.634+0000] {logging_mixin.py:190} INFO - [2026-02-26T04:28:39.633+0000] {dag.py:4180} INFO - Setting next_dagrun for demo_schedule_dag to 2026-02-26 04:24:00+00:00, run_after=2026-02-26 04:27:00+00:00
[2026-02-26T04:28:39.654+0000] {processor.py:208} INFO - Processing /opt/airflow/dags/demo_schedule_dag.py took 0.129 seconds
[2026-02-26T04:29:09.962+0000] {processor.py:186} INFO - Started process (PID=1135) to work on /opt/airflow/dags/demo_schedule_dag.py
[2026-02-26T04:29:09.963+0000] {processor.py:914} INFO - Processing file /opt/airflow/dags/demo_schedule_dag.py for tasks to queue
[2026-02-26T04:29:09.964+0000] {logging_mixin.py:190} INFO - [2026-02-26T04:29:09.964+0000] {dagbag.py:588} INFO - Filling up the DagBag from /opt/airflow/dags/demo_schedule_dag.py
[2026-02-26T04:29:09.975+0000] {processor.py:925} INFO - DAG(s) 'demo_schedule_dag' retrieved from /opt/airflow/dags/demo_schedule_dag.py
[2026-02-26T04:29:10.017+0000] {logging_mixin.py:190} INFO - [2026-02-26T04:29:10.017+0000] {dag.py:3239} INFO - Sync 1 DAGs
[2026-02-26T04:29:10.049+0000] {logging_mixin.py:190} INFO - [2026-02-26T04:29:10.048+0000] {dag.py:4180} INFO - Setting next_dagrun for demo_schedule_dag to 2026-02-26 04:24:00+00:00, run_after=2026-02-26 04:27:00+00:00
[2026-02-26T04:29:10.067+0000] {processor.py:208} INFO - Processing /opt/airflow/dags/demo_schedule_dag.py took 0.114 seconds
[2026-02-26T04:29:40.376+0000] {processor.py:186} INFO - Started process (PID=1153) to work on /opt/airflow/dags/demo_schedule_dag.py
[2026-02-26T04:29:40.378+0000] {processor.py:914} INFO - Processing file /opt/airflow/dags/demo_schedule_dag.py for tasks to queue
[2026-02-26T04:29:40.379+0000] {logging_mixin.py:190} INFO - [2026-02-26T04:29:40.379+0000] {dagbag.py:588} INFO - Filling up the DagBag from /opt/airflow/dags/demo_schedule_dag.py
[2026-02-26T04:29:40.391+0000] {processor.py:925} INFO - DAG(s) 'demo_schedule_dag' retrieved from /opt/airflow/dags/demo_schedule_dag.py
[2026-02-26T04:29:40.433+0000] {logging_mixin.py:190} INFO - [2026-02-26T04:29:40.433+0000] {dag.py:3239} INFO - Sync 1 DAGs
[2026-02-26T04:29:40.464+0000] {logging_mixin.py:190} INFO - [2026-02-26T04:29:40.464+0000] {dag.py:4180} INFO - Setting next_dagrun for demo_schedule_dag to 2026-02-26 04:24:00+00:00, run_after=2026-02-26 04:27:00+00:00
[2026-02-26T04:29:40.484+0000] {processor.py:208} INFO - Processing /opt/airflow/dags/demo_schedule_dag.py took 0.117 seconds
[2026-02-26T04:30:10.781+0000] {processor.py:186} INFO - Started process (PID=1171) to work on /opt/airflow/dags/demo_schedule_dag.py
[2026-02-26T04:30:10.782+0000] {processor.py:914} INFO - Processing file /opt/airflow/dags/demo_schedule_dag.py for tasks to queue
[2026-02-26T04:30:10.784+0000] {logging_mixin.py:190} INFO - [2026-02-26T04:30:10.783+0000] {dagbag.py:588} INFO - Filling up the DagBag from /opt/airflow/dags/demo_schedule_dag.py
[2026-02-26T04:30:10.795+0000] {processor.py:925} INFO - DAG(s) 'demo_schedule_dag' retrieved from /opt/airflow/dags/demo_schedule_dag.py
[2026-02-26T04:30:10.837+0000] {logging_mixin.py:190} INFO - [2026-02-26T04:30:10.837+0000] {dag.py:3239} INFO - Sync 1 DAGs
[2026-02-26T04:30:10.870+0000] {logging_mixin.py:190} INFO - [2026-02-26T04:30:10.870+0000] {dag.py:4180} INFO - Setting next_dagrun for demo_schedule_dag to 2026-02-26 04:27:00+00:00, run_after=2026-02-26 04:30:00+00:00
[2026-02-26T04:30:10.891+0000] {processor.py:208} INFO - Processing /opt/airflow/dags/demo_schedule_dag.py took 0.122 seconds
[2026-02-26T04:30:41.188+0000] {processor.py:186} INFO - Started process (PID=1189) to work on /opt/airflow/dags/demo_schedule_dag.py
[2026-02-26T04:30:41.190+0000] {processor.py:914} INFO - Processing file /opt/airflow/dags/demo_schedule_dag.py for tasks to queue
[2026-02-26T04:30:41.191+0000] {logging_mixin.py:190} INFO - [2026-02-26T04:30:41.191+0000] {dagbag.py:588} INFO - Filling up the DagBag from /opt/airflow/dags/demo_schedule_dag.py
[2026-02-26T04:30:41.203+0000] {processor.py:925} INFO - DAG(s) 'demo_schedule_dag' retrieved from /opt/airflow/dags/demo_schedule_dag.py
[2026-02-26T04:30:41.246+0000] {logging_mixin.py:190} INFO - [2026-02-26T04:30:41.245+0000] {dag.py:3239} INFO - Sync 1 DAGs
[2026-02-26T04:30:41.286+0000] {logging_mixin.py:190} INFO - [2026-02-26T04:30:41.286+0000] {dag.py:4180} INFO - Setting next_dagrun for demo_schedule_dag to 2026-02-26 04:27:00+00:00, run_after=2026-02-26 04:30:00+00:00
[2026-02-26T04:30:41.318+0000] {processor.py:208} INFO - Processing /opt/airflow/dags/demo_schedule_dag.py took 0.139 seconds
[2026-02-26T04:31:11.624+0000] {processor.py:186} INFO - Started process (PID=1207) to work on /opt/airflow/dags/demo_schedule_dag.py
[2026-02-26T04:31:11.625+0000] {processor.py:914} INFO - Processing file /opt/airflow/dags/demo_schedule_dag.py for tasks to queue
[2026-02-26T04:31:11.627+0000] {logging_mixin.py:190} INFO - [2026-02-26T04:31:11.627+0000] {dagbag.py:588} INFO - Filling up the DagBag from /opt/airflow/dags/demo_schedule_dag.py
[2026-02-26T04:31:11.638+0000] {processor.py:925} INFO - DAG(s) 'demo_schedule_dag' retrieved from /opt/airflow/dags/demo_schedule_dag.py
[2026-02-26T04:31:11.680+0000] {logging_mixin.py:190} INFO - [2026-02-26T04:31:11.679+0000] {dag.py:3239} INFO - Sync 1 DAGs
[2026-02-26T04:31:11.714+0000] {logging_mixin.py:190} INFO - [2026-02-26T04:31:11.714+0000] {dag.py:4180} INFO - Setting next_dagrun for demo_schedule_dag to 2026-02-26 04:27:00+00:00, run_after=2026-02-26 04:30:00+00:00
[2026-02-26T04:31:11.733+0000] {processor.py:208} INFO - Processing /opt/airflow/dags/demo_schedule_dag.py took 0.118 seconds
